<?xml version="1.0" ?>
<worksheet xmlns="http://schemas.openxmlformats.org/spreadsheetml/2006/main">
	<sheetPr>
		<outlinePr summaryBelow="1" summaryRight="1"/>
		<pageSetUpPr/>
	</sheetPr>
	<dimension ref="A1:F17"/>
	<sheetViews>
		<sheetView workbookViewId="0">
			<selection activeCell="A1" sqref="A1"/>
		</sheetView>
	</sheetViews>
	<sheetFormatPr baseColWidth="8" defaultRowHeight="15"/>
	<sheetData>
		<row r="1">
			<c r="A1" t="inlineStr">
				<is>
					<t>workspace type</t>
				</is>
			</c>
			<c r="B1" t="inlineStr">
				<is>
					<t>relationship type</t>
				</is>
			</c>
			<c r="C1" t="inlineStr">
				<is>
					<t>notifications</t>
				</is>
			</c>
			<c r="D1" t="inlineStr">
				<is>
					<t>cardinality</t>
				</is>
			</c>
			<c r="E1" t="inlineStr">
				<is>
					<t>boolean</t>
				</is>
			</c>
			<c r="F1" t="inlineStr">
				<is>
					<t>field type</t>
				</is>
			</c>
		</row>
		<row r="2">
			<c r="A2" t="inlineStr">
				<is>
					<t>Local Database</t>
				</is>
			</c>
			<c r="B2" t="inlineStr">
				<is>
					<t>Simple</t>
				</is>
			</c>
			<c r="C2" t="inlineStr">
				<is>
					<t>None</t>
				</is>
			</c>
			<c r="D2" t="inlineStr">
				<is>
					<t>One To One</t>
				</is>
			</c>
			<c r="E2" t="inlineStr">
				<is>
					<t>yes</t>
				</is>
			</c>
			<c r="F2" t="inlineStr">
				<is>
					<t>Blob</t>
				</is>
			</c>
		</row>
		<row r="3">
			<c r="A3" t="inlineStr">
				<is>
					<t>Remote Database</t>
				</is>
			</c>
			<c r="B3" t="inlineStr">
				<is>
					<t>Composite</t>
				</is>
			</c>
			<c r="C3" t="inlineStr">
				<is>
					<t>Forward</t>
				</is>
			</c>
			<c r="D3" t="inlineStr">
				<is>
					<t>One To Many</t>
				</is>
			</c>
			<c r="E3" t="inlineStr">
				<is>
					<t>no</t>
				</is>
			</c>
			<c r="F3" t="inlineStr">
				<is>
					<t>Big Integer</t>
				</is>
			</c>
		</row>
		<row r="4">
			<c r="C4" t="inlineStr">
				<is>
					<t>Backward</t>
				</is>
			</c>
			<c r="D4" t="inlineStr">
				<is>
					<t>Many To Many</t>
				</is>
			</c>
			<c r="F4" t="inlineStr">
				<is>
					<t>Date</t>
				</is>
			</c>
		</row>
		<row r="5">
			<c r="C5" t="inlineStr">
				<is>
					<t>Both</t>
				</is>
			</c>
			<c r="F5" t="inlineStr">
				<is>
					<t>Date Only</t>
				</is>
			</c>
		</row>
		<row r="6">
			<c r="F6" t="inlineStr">
				<is>
					<t>Double</t>
				</is>
			</c>
		</row>
		<row r="7">
			<c r="F7" t="inlineStr">
				<is>
					<t>Geometry</t>
				</is>
			</c>
		</row>
		<row r="8">
			<c r="F8" t="inlineStr">
				<is>
					<t>Global ID</t>
				</is>
			</c>
		</row>
		<row r="9">
			<c r="F9" t="inlineStr">
				<is>
					<t>GUID</t>
				</is>
			</c>
		</row>
		<row r="10">
			<c r="F10" t="inlineStr">
				<is>
					<t>Long Integer</t>
				</is>
			</c>
		</row>
		<row r="11">
			<c r="F11" t="inlineStr">
				<is>
					<t>OBJECTID</t>
				</is>
			</c>
		</row>
		<row r="12">
			<c r="F12" t="inlineStr">
				<is>
					<t>Raster</t>
				</is>
			</c>
		</row>
		<row r="13">
			<c r="F13" t="inlineStr">
				<is>
					<t>Float</t>
				</is>
			</c>
		</row>
		<row r="14">
			<c r="F14" t="inlineStr">
				<is>
					<t>Short Integer</t>
				</is>
			</c>
		</row>
		<row r="15">
			<c r="F15" t="inlineStr">
				<is>
					<t>Text</t>
				</is>
			</c>
		</row>
		<row r="16">
			<c r="F16" t="inlineStr">
				<is>
					<t>Time Only</t>
				</is>
			</c>
		</row>
		<row r="17">
			<c r="F17" t="inlineStr">
				<is>
					<t>Timestamp Offset</t>
				</is>
			</c>
		</row>
	</sheetData>
	<pageMargins left="0.75" right="0.75" top="1" bottom="1" header="0.5" footer="0.5"/>
</worksheet>
