<?xml version="1.0" ?>
<worksheet xmlns="http://schemas.openxmlformats.org/spreadsheetml/2006/main">
	<sheetPr>
		<outlinePr summaryBelow="1" summaryRight="1"/>
		<pageSetUpPr/>
	</sheetPr>
	<dimension ref="A1:C22"/>
	<sheetViews>
		<sheetView workbookViewId="0">
			<selection activeCell="A1" sqref="A1"/>
		</sheetView>
	</sheetViews>
	<sheetFormatPr baseColWidth="8" defaultRowHeight="15"/>
	<cols>
		<col width="25" customWidth="1" min="1" max="1"/>
		<col width="15" customWidth="1" min="2" max="2"/>
		<col width="80" customWidth="1" min="3" max="3"/>
		<col width="25" customWidth="1" min="4" max="4"/>
		<col width="22" customWidth="1" min="5" max="5"/>
		<col width="15" customWidth="1" min="6" max="6"/>
		<col width="12" customWidth="1" min="7" max="7"/>
		<col width="11" customWidth="1" min="8" max="8"/>
		<col width="11" customWidth="1" min="9" max="9"/>
		<col width="11" customWidth="1" min="10" max="10"/>
		<col width="10" customWidth="1" min="11" max="11"/>
	</cols>
	<sheetData>
		<row r="1">
			<c r="A1" s="6" t="inlineStr">
				<is>
					<t>Go to Index</t>
				</is>
			</c>
		</row>
		<row r="3">
			<c r="A3" s="2" t="inlineStr">
				<is>
					<t>Name</t>
				</is>
			</c>
			<c r="B3" s="3" t="inlineStr">
				<is>
					<t>Building_Inspections</t>
				</is>
			</c>
		</row>
		<row r="4">
			<c r="A4" s="2" t="inlineStr">
				<is>
					<t>Schema</t>
				</is>
			</c>
			<c r="B4" s="3" t="inlineStr"/>
		</row>
		<row r="5">
			<c r="A5" s="2" t="inlineStr">
				<is>
					<t>Feature Dataset</t>
				</is>
			</c>
			<c r="B5" s="3" t="inlineStr"/>
		</row>
		<row r="6" ht="26.4" customHeight="1">
			<c r="A6" s="2" t="inlineStr">
				<is>
					<t>Summary</t>
				</is>
			</c>
			<c r="B6" s="4" t="inlineStr">
				<is>
					<t>Links buildings to their inspections.</t>
				</is>
			</c>
		</row>
		<row r="7">
			<c r="A7" s="2" t="inlineStr">
				<is>
					<t>Relationship Type</t>
				</is>
			</c>
			<c r="B7" s="3" t="inlineStr">
				<is>
					<t>Composite</t>
				</is>
			</c>
		</row>
		<row r="8">
			<c r="A8" s="2" t="inlineStr">
				<is>
					<t>Origin Table</t>
				</is>
			</c>
			<c r="B8" s="6" t="inlineStr">
				<is>
					<t>Buildings</t>
				</is>
			</c>
		</row>
		<row r="9">
			<c r="A9" s="2" t="inlineStr">
				<is>
					<t>Destination Table</t>
				</is>
			</c>
			<c r="B9" s="6" t="inlineStr">
				<is>
					<t>Inspections</t>
				</is>
			</c>
		</row>
		<row r="10">
			<c r="A10" s="2" t="inlineStr">
				<is>
					<t>Forward Label</t>
				</is>
			</c>
			<c r="B10" s="3" t="inlineStr">
				<is>
					<t>Inspections</t>
				</is>
			</c>
		</row>
		<row r="11">
			<c r="A11" s="2" t="inlineStr">
				<is>
					<t>Backward Label</t>
				</is>
			</c>
			<c r="B11" s="3" t="inlineStr">
				<is>
					<t>Building</t>
				</is>
			</c>
		</row>
		<row r="12">
			<c r="A12" s="2" t="inlineStr">
				<is>
					<t>Origin Primary Key</t>
				</is>
			</c>
			<c r="B12" s="3" t="inlineStr">
				<is>
					<t>UUID</t>
				</is>
			</c>
		</row>
		<row r="13">
			<c r="A13" s="2" t="inlineStr">
				<is>
					<t>Origin Foreign Key</t>
				</is>
			</c>
			<c r="B13" s="3" t="inlineStr">
				<is>
					<t>BuildingUUID</t>
				</is>
			</c>
		</row>
		<row r="14">
			<c r="A14" s="2" t="inlineStr">
				<is>
					<t>Destination Primary Key</t>
				</is>
			</c>
			<c r="B14" s="3" t="inlineStr"/>
		</row>
		<row r="15">
			<c r="A15" s="2" t="inlineStr">
				<is>
					<t>Destination Foreign Key</t>
				</is>
			</c>
			<c r="B15" s="3" t="inlineStr"/>
		</row>
		<row r="16">
			<c r="A16" s="2" t="inlineStr">
				<is>
					<t>Notifications</t>
				</is>
			</c>
			<c r="B16" s="3" t="inlineStr">
				<is>
					<t>Forward</t>
				</is>
			</c>
		</row>
		<row r="17">
			<c r="A17" s="2" t="inlineStr">
				<is>
					<t>Cardinality</t>
				</is>
			</c>
			<c r="B17" s="3" t="inlineStr">
				<is>
					<t>One To Many</t>
				</is>
			</c>
		</row>
		<row r="18">
			<c r="A18" s="2" t="inlineStr">
				<is>
					<t>Is Attributed</t>
				</is>
			</c>
			<c r="B18" s="3" t="inlineStr">
				<is>
					<t>no</t>
				</is>
			</c>
		</row>
		<row r="19">
			<c r="A19" s="2" t="inlineStr">
				<is>
					<t>64-bit OID</t>
				</is>
			</c>
			<c r="B19" s="3" t="inlineStr">
				<is>
					<t>no</t>
				</is>
			</c>
		</row>
		<row r="20">
			<c r="A20" s="2" t="inlineStr">
				<is>
					<t>Is Archived</t>
				</is>
			</c>
			<c r="B20" s="3" t="inlineStr">
				<is>
					<t>no</t>
				</is>
			</c>
		</row>
		<row r="21">
			<c r="A21" s="2" t="inlineStr">
				<is>
					<t>Is Versioned</t>
				</is>
			</c>
			<c r="B21" s="3" t="inlineStr">
				<is>
					<t>no</t>
				</is>
			</c>
		</row>
		<row r="22">
			<c r="A22" s="2" t="inlineStr">
				<is>
					<t>DSID</t>
				</is>
			</c>
			<c r="B22" s="7" t="inlineStr"/>
		</row>
	</sheetData>
	<mergeCells count="20">
		<mergeCell ref="B3:C3"/>
		<mergeCell ref="B4:C4"/>
		<mergeCell ref="B5:C5"/>
		<mergeCell ref="B6:C6"/>
		<mergeCell ref="B7:C7"/>
		<mergeCell ref="B8:C8"/>
		<mergeCell ref="B9:C9"/>
		<mergeCell ref="B10:C10"/>
		<mergeCell ref="B11:C11"/>
		<mergeCell ref="B12:C12"/>
		<mergeCell ref="B13:C13"/>
		<mergeCell ref="B14:C14"/>
		<mergeCell ref="B15:C15"/>
		<mergeCell ref="B16:C16"/>
		<mergeCell ref="B17:C17"/>
		<mergeCell ref="B18:C18"/>
		<mergeCell ref="B19:C19"/>
		<mergeCell ref="B20:C20"/>
		<mergeCell ref="B21:C21"/>
		<mergeCell ref="B22:C22"/>
	</mergeCells>
	<conditionalFormatting sqref="B3">
		<cfRule type="expression" priority="1" dxfId="0">
			<formula>LEN(B3) &lt; 3</formula>
		</cfRule>
	</conditionalFormatting>
	<conditionalFormatting sqref="B7">
		<cfRule type="expression" priority="2" dxfId="0">
			<formula>ISBLANK(B7)</formula>
		</cfRule>
	</conditionalFormatting>
	<conditionalFormatting sqref="B8">
		<cfRule type="expression" priority="3" dxfId="0">
			<formula>ISBLANK(B8)</formula>
		</cfRule>
	</conditionalFormatting>
	<conditionalFormatting sqref="B9">
		<cfRule type="expression" priority="4" dxfId="0">
			<formula>ISBLANK(B9)</formula>
		</cfRule>
	</conditionalFormatting>
	<conditionalFormatting sqref="B10">
		<cfRule type="expression" priority="5" dxfId="0">
			<formula>ISBLANK(B10)</formula>
		</cfRule>
	</conditionalFormatting>
	<conditionalFormatting sqref="B11">
		<cfRule type="expression" priority="6" dxfId="0">
			<formula>ISBLANK(B11)</formula>
		</cfRule>
	</conditionalFormatting>
	<conditionalFormatting sqref="B12">
		<cfRule type="expression" priority="7" dxfId="0">
			<formula>ISBLANK(B12)</formula>
		</cfRule>
	</conditionalFormatting>
	<conditionalFormatting sqref="B13">
		<cfRule type="expression" priority="8" dxfId="0">
			<formula>ISBLANK(B13)</formula>
		</cfRule>
	</conditionalFormatting>
	<conditionalFormatting sqref="B14">
		<cfRule type="expression" priority="9" dxfId="0">
			<formula>AND(ISBLANK(B14), OR(B17 = &quot;Many to Many&quot;, B18 = &quot;yes&quot;))</formula>
		</cfRule>
		<cfRule type="expression" priority="10" dxfId="0">
			<formula>AND(ISBLANK(B14) = FALSE, B17 &lt;&gt; &quot;Many to Many&quot;, B18 &lt;&gt; &quot;yes&quot;)</formula>
		</cfRule>
	</conditionalFormatting>
	<conditionalFormatting sqref="B15">
		<cfRule type="expression" priority="11" dxfId="0">
			<formula>AND(ISBLANK(B15), OR(B17 = &quot;Many to Many&quot;, B18 = &quot;yes&quot;))</formula>
		</cfRule>
		<cfRule type="expression" priority="12" dxfId="0">
			<formula>AND(ISBLANK(B15) = FALSE, B17 &lt;&gt; &quot;Many to Many&quot;, B18 &lt;&gt; &quot;yes&quot;)</formula>
		</cfRule>
	</conditionalFormatting>
	<dataValidations count="7">
		<dataValidation sqref="B7" showErrorMessage="1" showInputMessage="0" allowBlank="1" errorTitle="Invalid Relationship Type" error="Choose a valid relationship type from the dropdown." type="list" errorStyle="stop">
			<formula1>=dropdowns.relationship_type</formula1>
		</dataValidation>
		<dataValidation sqref="B16" showErrorMessage="1" showInputMessage="0" allowBlank="1" errorTitle="Invalid Notifications" error="Choose a valid notifications from the dropdown." type="list" errorStyle="stop">
			<formula1>=dropdowns.notifications</formula1>
		</dataValidation>
		<dataValidation sqref="B17" showErrorMessage="1" showInputMessage="0" allowBlank="1" errorTitle="Invalid Cardinality" error="Choose a valid cardinality from the dropdown." type="list" errorStyle="stop">
			<formula1>=dropdowns.cardinality</formula1>
		</dataValidation>
		<dataValidation sqref="B18" showErrorMessage="1" showInputMessage="0" allowBlank="1" errorTitle="Invalid Boolean" error="Choose a valid boolean from the dropdown." type="list" errorStyle="stop">
			<formula1>=dropdowns.boolean</formula1>
		</dataValidation>
		<dataValidation sqref="B19" showErrorMessage="1" showInputMessage="0" allowBlank="1" errorTitle="Invalid Boolean" error="Choose a valid boolean from the dropdown." type="list" errorStyle="stop">
			<formula1>=dropdowns.boolean</formula1>
		</dataValidation>
		<dataValidation sqref="B20" showErrorMessage="1" showInputMessage="0" allowBlank="1" errorTitle="Invalid Boolean" error="Choose a valid boolean from the dropdown." type="list" errorStyle="stop">
			<formula1>=dropdowns.boolean</formula1>
		</dataValidation>
		<dataValidation sqref="B21" showErrorMessage="1" showInputMessage="0" allowBlank="1" errorTitle="Invalid Boolean" error="Choose a valid boolean from the dropdown." type="list" errorStyle="stop">
			<formula1>=dropdowns.boolean</formula1>
		</dataValidation>
	</dataValidations>
	<hyperlinks>
		<hyperlink xmlns:r="http://schemas.openxmlformats.org/officeDocument/2006/relationships" ref="A1" r:id="rId1"/>
		<hyperlink xmlns:r="http://schemas.openxmlformats.org/officeDocument/2006/relationships" ref="B8" r:id="rId2"/>
		<hyperlink xmlns:r="http://schemas.openxmlformats.org/officeDocument/2006/relationships" ref="B9" r:id="rId3"/>
	</hyperlinks>
	<pageMargins left="0.75" right="0.75" top="1" bottom="1" header="0.5" footer="0.5"/>
</worksheet>
