<?xml version="1.0" ?>
<Properties xmlns="http://schemas.openxmlformats.org/officeDocument/2006/extended-properties">
	<Application>Microsoft Excel</Application>
	<AppVersion>3.0</AppVersion>
</Properties>
