<?xml version="1.0" ?>
<cp:coreProperties xmlns:cp="http://schemas.openxmlformats.org/package/2006/metadata/core-properties">
	<dc:creator xmlns:dc="http://purl.org/dc/elements/1.1/">openpyxl</dc:creator>
	<dcterms:created xmlns:dcterms="http://purl.org/dc/terms/" xmlns:xsi="http://www.w3.org/2001/XMLSchema-instance" xsi:type="dcterms:W3CDTF">{date-time-0}</dcterms:created>
	<dcterms:modified xmlns:dcterms="http://purl.org/dc/terms/" xmlns:xsi="http://www.w3.org/2001/XMLSchema-instance" xsi:type="dcterms:W3CDTF">{date-time-0}</dcterms:modified>
</cp:coreProperties>
