<?xml version="1.0" ?>
<Relationships xmlns="http://schemas.openxmlformats.org/package/2006/relationships">
	<Relationship Type="http://schemas.openxmlformats.org/officeDocument/2006/relationships/hyperlink" Target="#'_INFO_'!A10" TargetMode="External" Id="rId1"/>
	<Relationship Type="http://schemas.openxmlformats.org/officeDocument/2006/relationships/hyperlink" Target="GDBSchemaTool_{date-time-0}_datasets.xlsx#'Rivers'!A1" TargetMode="External" Id="rId2"/>
	<Relationship Type="http://schemas.openxmlformats.org/officeDocument/2006/relationships/hyperlink" Target="GDBSchemaTool_{date-time-0}_datasets.xlsx#'Lakes'!A1" TargetMode="External" Id="rId3"/>
	<Relationship Type="http://schemas.openxmlformats.org/officeDocument/2006/relationships/hyperlink" Target="GDBSchemaTool_{date-time-0}_domains.xlsx#'Lake River Flow'!A1" TargetMode="External" Id="rId4"/>
	<Relationship Type="http://schemas.openxmlformats.org/officeDocument/2006/relationships/table" Target="/xl/tables/table4.xml" Id="rId5"/>
</Relationships>
