<?xml version="1.0" ?>
<worksheet xmlns="http://schemas.openxmlformats.org/spreadsheetml/2006/main">
	<sheetPr>
		<outlinePr summaryBelow="1" summaryRight="1"/>
		<pageSetUpPr/>
	</sheetPr>
	<dimension ref="A1:C61"/>
	<sheetViews>
		<sheetView workbookViewId="0">
			<selection activeCell="A1" sqref="A1"/>
		</sheetView>
	</sheetViews>
	<sheetFormatPr baseColWidth="8" defaultRowHeight="15"/>
	<cols>
		<col width="25" customWidth="1" min="1" max="1"/>
		<col width="25" customWidth="1" min="2" max="2"/>
		<col width="80" customWidth="1" min="3" max="3"/>
	</cols>
	<sheetData>
		<row r="1">
			<c r="A1" s="6" t="inlineStr">
				<is>
					<t>Go to Index</t>
				</is>
			</c>
		</row>
		<row r="3">
			<c r="A3" s="2" t="inlineStr">
				<is>
					<t>Name</t>
				</is>
			</c>
			<c r="B3" s="3" t="inlineStr"/>
		</row>
		<row r="4">
			<c r="A4" s="2" t="inlineStr">
				<is>
					<t>Schema</t>
				</is>
			</c>
			<c r="B4" s="3" t="inlineStr"/>
		</row>
		<row r="5" ht="26.4" customHeight="1">
			<c r="A5" s="2" t="inlineStr">
				<is>
					<t>Description</t>
				</is>
			</c>
			<c r="B5" s="4" t="inlineStr"/>
		</row>
		<row r="6">
			<c r="A6" s="2" t="inlineStr">
				<is>
					<t>Field Type</t>
				</is>
			</c>
			<c r="B6" s="3" t="inlineStr"/>
		</row>
		<row r="7">
			<c r="A7" s="2" t="inlineStr">
				<is>
					<t>Domain Type</t>
				</is>
			</c>
			<c r="B7" s="3" t="inlineStr"/>
		</row>
		<row r="8">
			<c r="A8" s="2" t="inlineStr">
				<is>
					<t>Split Policy</t>
				</is>
			</c>
			<c r="B8" s="3" t="inlineStr"/>
		</row>
		<row r="9">
			<c r="A9" s="2" t="inlineStr">
				<is>
					<t>Merge Policy</t>
				</is>
			</c>
			<c r="B9" s="3" t="inlineStr"/>
		</row>
		<row r="10">
			<c r="A10" s="5" t="inlineStr"/>
		</row>
		<row r="11">
			<c r="A11" s="1" t="inlineStr">
				<is>
					<t>Range Values</t>
				</is>
			</c>
		</row>
		<row r="12">
			<c r="A12" s="2" t="inlineStr">
				<is>
					<t>Minimum</t>
				</is>
			</c>
			<c r="B12" s="3" t="inlineStr"/>
		</row>
		<row r="13">
			<c r="A13" s="2" t="inlineStr">
				<is>
					<t>Maximum</t>
				</is>
			</c>
			<c r="B13" s="3" t="inlineStr"/>
		</row>
		<row r="14">
			<c r="A14" s="5" t="inlineStr"/>
		</row>
		<row r="15">
			<c r="A15" s="1" t="inlineStr">
				<is>
					<t>Coded Values</t>
				</is>
			</c>
		</row>
		<row r="16">
			<c r="A16" s="3" t="inlineStr">
				<is>
					<t>Code</t>
				</is>
			</c>
			<c r="B16" s="3" t="inlineStr">
				<is>
					<t>Description</t>
				</is>
			</c>
			<c r="C16" s="3" t="inlineStr">
				<is>
					<t>Summary</t>
				</is>
			</c>
		</row>
		<row r="17">
			<c r="A17" s="3" t="inlineStr"/>
			<c r="B17" s="3" t="inlineStr"/>
			<c r="C17" s="4" t="inlineStr"/>
		</row>
		<row r="18">
			<c r="A18" s="3" t="inlineStr"/>
			<c r="B18" s="3" t="inlineStr"/>
			<c r="C18" s="4" t="inlineStr"/>
		</row>
		<row r="19">
			<c r="A19" s="3" t="inlineStr"/>
			<c r="B19" s="3" t="inlineStr"/>
			<c r="C19" s="4" t="inlineStr"/>
		</row>
		<row r="20">
			<c r="A20" s="3" t="inlineStr"/>
			<c r="B20" s="3" t="inlineStr"/>
			<c r="C20" s="4" t="inlineStr"/>
		</row>
		<row r="21">
			<c r="A21" s="3" t="inlineStr"/>
			<c r="B21" s="3" t="inlineStr"/>
			<c r="C21" s="4" t="inlineStr"/>
		</row>
		<row r="22">
			<c r="A22" s="3" t="inlineStr"/>
			<c r="B22" s="3" t="inlineStr"/>
			<c r="C22" s="4" t="inlineStr"/>
		</row>
		<row r="23">
			<c r="A23" s="3" t="inlineStr"/>
			<c r="B23" s="3" t="inlineStr"/>
			<c r="C23" s="4" t="inlineStr"/>
		</row>
		<row r="24">
			<c r="A24" s="3" t="inlineStr"/>
			<c r="B24" s="3" t="inlineStr"/>
			<c r="C24" s="4" t="inlineStr"/>
		</row>
		<row r="25">
			<c r="A25" s="3" t="inlineStr"/>
			<c r="B25" s="3" t="inlineStr"/>
			<c r="C25" s="4" t="inlineStr"/>
		</row>
		<row r="26">
			<c r="A26" s="3" t="inlineStr"/>
			<c r="B26" s="3" t="inlineStr"/>
			<c r="C26" s="4" t="inlineStr"/>
		</row>
		<row r="27">
			<c r="A27" s="3" t="inlineStr"/>
			<c r="B27" s="3" t="inlineStr"/>
			<c r="C27" s="4" t="inlineStr"/>
		</row>
		<row r="28">
			<c r="A28" s="3" t="inlineStr"/>
			<c r="B28" s="3" t="inlineStr"/>
			<c r="C28" s="4" t="inlineStr"/>
		</row>
		<row r="29">
			<c r="A29" s="3" t="inlineStr"/>
			<c r="B29" s="3" t="inlineStr"/>
			<c r="C29" s="4" t="inlineStr"/>
		</row>
		<row r="30">
			<c r="A30" s="3" t="inlineStr"/>
			<c r="B30" s="3" t="inlineStr"/>
			<c r="C30" s="4" t="inlineStr"/>
		</row>
		<row r="31">
			<c r="A31" s="3" t="inlineStr"/>
			<c r="B31" s="3" t="inlineStr"/>
			<c r="C31" s="4" t="inlineStr"/>
		</row>
		<row r="32">
			<c r="A32" s="3" t="inlineStr"/>
			<c r="B32" s="3" t="inlineStr"/>
			<c r="C32" s="4" t="inlineStr"/>
		</row>
		<row r="33">
			<c r="A33" s="3" t="inlineStr"/>
			<c r="B33" s="3" t="inlineStr"/>
			<c r="C33" s="4" t="inlineStr"/>
		</row>
		<row r="34">
			<c r="A34" s="3" t="inlineStr"/>
			<c r="B34" s="3" t="inlineStr"/>
			<c r="C34" s="4" t="inlineStr"/>
		</row>
		<row r="35">
			<c r="A35" s="3" t="inlineStr"/>
			<c r="B35" s="3" t="inlineStr"/>
			<c r="C35" s="4" t="inlineStr"/>
		</row>
		<row r="36">
			<c r="A36" s="3" t="inlineStr"/>
			<c r="B36" s="3" t="inlineStr"/>
			<c r="C36" s="4" t="inlineStr"/>
		</row>
		<row r="37">
			<c r="A37" s="3" t="inlineStr"/>
			<c r="B37" s="3" t="inlineStr"/>
			<c r="C37" s="4" t="inlineStr"/>
		</row>
		<row r="38">
			<c r="A38" s="3" t="inlineStr"/>
			<c r="B38" s="3" t="inlineStr"/>
			<c r="C38" s="4" t="inlineStr"/>
		</row>
		<row r="39">
			<c r="A39" s="3" t="inlineStr"/>
			<c r="B39" s="3" t="inlineStr"/>
			<c r="C39" s="4" t="inlineStr"/>
		</row>
		<row r="40">
			<c r="A40" s="3" t="inlineStr"/>
			<c r="B40" s="3" t="inlineStr"/>
			<c r="C40" s="4" t="inlineStr"/>
		</row>
		<row r="41">
			<c r="A41" s="3" t="inlineStr"/>
			<c r="B41" s="3" t="inlineStr"/>
			<c r="C41" s="4" t="inlineStr"/>
		</row>
		<row r="42">
			<c r="A42" s="3" t="inlineStr"/>
			<c r="B42" s="3" t="inlineStr"/>
			<c r="C42" s="4" t="inlineStr"/>
		</row>
		<row r="43">
			<c r="A43" s="3" t="inlineStr"/>
			<c r="B43" s="3" t="inlineStr"/>
			<c r="C43" s="4" t="inlineStr"/>
		</row>
		<row r="44">
			<c r="A44" s="3" t="inlineStr"/>
			<c r="B44" s="3" t="inlineStr"/>
			<c r="C44" s="4" t="inlineStr"/>
		</row>
		<row r="45">
			<c r="A45" s="3" t="inlineStr"/>
			<c r="B45" s="3" t="inlineStr"/>
			<c r="C45" s="4" t="inlineStr"/>
		</row>
		<row r="46">
			<c r="A46" s="3" t="inlineStr"/>
			<c r="B46" s="3" t="inlineStr"/>
			<c r="C46" s="4" t="inlineStr"/>
		</row>
		<row r="47">
			<c r="A47" s="3" t="inlineStr"/>
			<c r="B47" s="3" t="inlineStr"/>
			<c r="C47" s="4" t="inlineStr"/>
		</row>
		<row r="48">
			<c r="A48" s="3" t="inlineStr"/>
			<c r="B48" s="3" t="inlineStr"/>
			<c r="C48" s="4" t="inlineStr"/>
		</row>
		<row r="49">
			<c r="A49" s="3" t="inlineStr"/>
			<c r="B49" s="3" t="inlineStr"/>
			<c r="C49" s="4" t="inlineStr"/>
		</row>
		<row r="50">
			<c r="A50" s="3" t="inlineStr"/>
			<c r="B50" s="3" t="inlineStr"/>
			<c r="C50" s="4" t="inlineStr"/>
		</row>
		<row r="51">
			<c r="A51" s="3" t="inlineStr"/>
			<c r="B51" s="3" t="inlineStr"/>
			<c r="C51" s="4" t="inlineStr"/>
		</row>
		<row r="52">
			<c r="A52" s="3" t="inlineStr"/>
			<c r="B52" s="3" t="inlineStr"/>
			<c r="C52" s="4" t="inlineStr"/>
		</row>
		<row r="53">
			<c r="A53" s="3" t="inlineStr"/>
			<c r="B53" s="3" t="inlineStr"/>
			<c r="C53" s="4" t="inlineStr"/>
		</row>
		<row r="54">
			<c r="A54" s="3" t="inlineStr"/>
			<c r="B54" s="3" t="inlineStr"/>
			<c r="C54" s="4" t="inlineStr"/>
		</row>
		<row r="55">
			<c r="A55" s="3" t="inlineStr"/>
			<c r="B55" s="3" t="inlineStr"/>
			<c r="C55" s="4" t="inlineStr"/>
		</row>
		<row r="56">
			<c r="A56" s="3" t="inlineStr"/>
			<c r="B56" s="3" t="inlineStr"/>
			<c r="C56" s="4" t="inlineStr"/>
		</row>
		<row r="57">
			<c r="A57" s="5" t="inlineStr"/>
		</row>
		<row r="58">
			<c r="A58" s="1" t="inlineStr">
				<is>
					<t>Domain Users</t>
				</is>
			</c>
		</row>
		<row r="59">
			<c r="A59" s="3" t="inlineStr">
				<is>
					<t>Name</t>
				</is>
			</c>
		</row>
		<row r="60">
			<c r="A60" s="5" t="inlineStr"/>
		</row>
		<row r="61">
			<c r="A61" s="5" t="inlineStr"/>
		</row>
	</sheetData>
	<mergeCells count="3">
		<mergeCell ref="B3:C3"/>
		<mergeCell ref="B4:C4"/>
		<mergeCell ref="B5:C5"/>
	</mergeCells>
	<conditionalFormatting sqref="B3">
		<cfRule type="expression" priority="1" dxfId="0">
			<formula>LEN(B3) &lt; 3</formula>
		</cfRule>
	</conditionalFormatting>
	<conditionalFormatting sqref="B6">
		<cfRule type="expression" priority="2" dxfId="0">
			<formula>ISBLANK(B6)</formula>
		</cfRule>
	</conditionalFormatting>
	<conditionalFormatting sqref="B7">
		<cfRule type="expression" priority="3" dxfId="0">
			<formula>ISBLANK(B7)</formula>
		</cfRule>
	</conditionalFormatting>
	<conditionalFormatting sqref="B12">
		<cfRule type="expression" priority="4" dxfId="0">
			<formula>ISBLANK(B12)</formula>
		</cfRule>
	</conditionalFormatting>
	<conditionalFormatting sqref="B13">
		<cfRule type="expression" priority="5" dxfId="0">
			<formula>ISBLANK(B13)</formula>
		</cfRule>
	</conditionalFormatting>
	<conditionalFormatting sqref="A17:A56">
		<cfRule type="expression" priority="6" dxfId="0">
			<formula>AND(ISBLANK(A17), NOT(AND(ISBLANK(B17), ISBLANK(C17))))</formula>
		</cfRule>
		<cfRule type="duplicateValues" priority="7" dxfId="0"/>
	</conditionalFormatting>
	<conditionalFormatting sqref="B17:B56">
		<cfRule type="expression" priority="8" dxfId="0">
			<formula>AND(ISBLANK(B17), NOT(ISBLANK(A17)))</formula>
		</cfRule>
		<cfRule type="duplicateValues" priority="9" dxfId="0"/>
	</conditionalFormatting>
	<dataValidations count="4">
		<dataValidation sqref="B6" showErrorMessage="1" showInputMessage="0" allowBlank="1" errorTitle="Invalid Field Type" error="Choose a valid field type from the dropdown." type="list" errorStyle="stop">
			<formula1>=dropdowns.field_type</formula1>
		</dataValidation>
		<dataValidation sqref="B7" showErrorMessage="1" showInputMessage="0" allowBlank="1" errorTitle="Invalid Domain Type" error="Choose a valid domain type from the dropdown." type="list" errorStyle="stop">
			<formula1>=dropdowns.domain_type</formula1>
		</dataValidation>
		<dataValidation sqref="B8" showErrorMessage="1" showInputMessage="0" allowBlank="1" errorTitle="Invalid Split Policy" error="Choose a valid split policy from the dropdown." type="list" errorStyle="stop">
			<formula1>=dropdowns.split_policy</formula1>
		</dataValidation>
		<dataValidation sqref="B9" showErrorMessage="1" showInputMessage="0" allowBlank="1" errorTitle="Invalid Merge Policy" error="Choose a valid merge policy from the dropdown." type="list" errorStyle="stop">
			<formula1>=dropdowns.merge_policy</formula1>
		</dataValidation>
	</dataValidations>
	<hyperlinks>
		<hyperlink xmlns:r="http://schemas.openxmlformats.org/officeDocument/2006/relationships" ref="A1" r:id="rId1"/>
	</hyperlinks>
	<pageMargins left="0.75" right="0.75" top="1" bottom="1" header="0.5" footer="0.5"/>
	<tableParts count="2">
		<tablePart xmlns:r="http://schemas.openxmlformats.org/officeDocument/2006/relationships" r:id="rId2"/>
		<tablePart xmlns:r="http://schemas.openxmlformats.org/officeDocument/2006/relationships" r:id="rId3"/>
	</tableParts>
</worksheet>
