<?xml version="1.0" ?>
<table xmlns="http://schemas.openxmlformats.org/spreadsheetml/2006/main" id="4" name="_template_.relationships" displayName="_template_.relationships" ref="A99:A101" headerRowCount="1">
	<autoFilter ref="A99:A101"/>
	<tableColumns count="1">
		<tableColumn id="1" name="Name"/>
	</tableColumns>
	<tableStyleInfo name="TableStyleLight1" showFirstColumn="0" showLastColumn="0" showRowStripes="1" showColumnStripes="0"/>
</table>
