<?xml version="1.0" ?>
<Types xmlns="http://schemas.openxmlformats.org/package/2006/content-types">
	<Default Extension="rels" ContentType="application/vnd.openxmlformats-package.relationships+xml"/>
	<Default Extension="xml" ContentType="application/xml"/>
	<Override PartName="/xl/styles.xml" ContentType="application/vnd.openxmlformats-officedocument.spreadsheetml.styles+xml"/>
	<Override PartName="/xl/theme/theme1.xml" ContentType="application/vnd.openxmlformats-officedocument.theme+xml"/>
	<Override PartName="/docProps/core.xml" ContentType="application/vnd.openxmlformats-package.core-properties+xml"/>
	<Override PartName="/docProps/app.xml" ContentType="application/vnd.openxmlformats-officedocument.extended-properties+xml"/>
	<Override PartName="/xl/worksheets/sheet1.xml" ContentType="application/vnd.openxmlformats-officedocument.spreadsheetml.worksheet+xml"/>
	<Override PartName="/xl/worksheets/sheet2.xml" ContentType="application/vnd.openxmlformats-officedocument.spreadsheetml.worksheet+xml"/>
	<Override PartName="/xl/tables/table1.xml" ContentType="application/vnd.openxmlformats-officedocument.spreadsheetml.table+xml"/>
	<Override PartName="/xl/worksheets/sheet3.xml" ContentType="application/vnd.openxmlformats-officedocument.spreadsheetml.worksheet+xml"/>
	<Override PartName="/xl/tables/table2.xml" ContentType="application/vnd.openxmlformats-officedocument.spreadsheetml.table+xml"/>
	<Override PartName="/xl/tables/table3.xml" ContentType="application/vnd.openxmlformats-officedocument.spreadsheetml.table+xml"/>
	<Override PartName="/xl/worksheets/sheet4.xml" ContentType="application/vnd.openxmlformats-officedocument.spreadsheetml.worksheet+xml"/>
	<Override PartName="/xl/worksheets/sheet5.xml" ContentType="application/vnd.openxmlformats-officedocument.spreadsheetml.worksheet+xml"/>
	<Override PartName="/xl/tables/table4.xml" ContentType="application/vnd.openxmlformats-officedocument.spreadsheetml.table+xml"/>
	<Override PartName="/xl/workbook.xml" ContentType="application/vnd.openxmlformats-officedocument.spreadsheetml.sheet.main+xml"/>
</Types>
