<?xml version="1.0" ?>
<Relationships xmlns="http://schemas.openxmlformats.org/package/2006/relationships">
	<Relationship Type="http://schemas.openxmlformats.org/officeDocument/2006/relationships/hyperlink" Target="#'_INFO_'!A18" TargetMode="External" Id="rId1"/>
	<Relationship Type="http://schemas.openxmlformats.org/officeDocument/2006/relationships/hyperlink" Target="GDBSchemaTool_{date-time-0}_datasets.xlsx#'Street Centreline'!A1" TargetMode="External" Id="rId2"/>
	<Relationship Type="http://schemas.openxmlformats.org/officeDocument/2006/relationships/table" Target="/xl/tables/table19.xml" Id="rId3"/>
</Relationships>
