<?xml version="1.0" ?>
<Relationships xmlns="http://schemas.openxmlformats.org/package/2006/relationships">
	<Relationship Type="http://schemas.openxmlformats.org/officeDocument/2006/relationships/hyperlink" Target="#'Buidling - General'!A1" TargetMode="External" Id="rId1"/>
	<Relationship Type="http://schemas.openxmlformats.org/officeDocument/2006/relationships/hyperlink" Target="#'Building - Commercial'!A1" TargetMode="External" Id="rId2"/>
	<Relationship Type="http://schemas.openxmlformats.org/officeDocument/2006/relationships/hyperlink" Target="#'Building - Government'!A1" TargetMode="External" Id="rId3"/>
	<Relationship Type="http://schemas.openxmlformats.org/officeDocument/2006/relationships/hyperlink" Target="#'Building - Industrial'!A1" TargetMode="External" Id="rId4"/>
	<Relationship Type="http://schemas.openxmlformats.org/officeDocument/2006/relationships/hyperlink" Target="#'Lake River Flow'!A1" TargetMode="External" Id="rId5"/>
	<Relationship Type="http://schemas.openxmlformats.org/officeDocument/2006/relationships/hyperlink" Target="#'Office Hours'!A1" TargetMode="External" Id="rId6"/>
	<Relationship Type="http://schemas.openxmlformats.org/officeDocument/2006/relationships/hyperlink" Target="#'Street Types'!A1" TargetMode="External" Id="rId7"/>
	<Relationship Type="http://schemas.openxmlformats.org/officeDocument/2006/relationships/hyperlink" Target="#'Tree Diameter'!A1" TargetMode="External" Id="rId8"/>
	<Relationship Type="http://schemas.openxmlformats.org/officeDocument/2006/relationships/hyperlink" Target="#'Tree Height'!A1" TargetMode="External" Id="rId9"/>
	<Relationship Type="http://schemas.openxmlformats.org/officeDocument/2006/relationships/hyperlink" Target="#'Valid Speed Limits'!A1" TargetMode="External" Id="rId10"/>
	<Relationship Type="http://schemas.openxmlformats.org/officeDocument/2006/relationships/table" Target="/xl/tables/table1.xml" Id="rId11"/>
</Relationships>
