<?xml version="1.0" ?>
<Relationships xmlns="http://schemas.openxmlformats.org/package/2006/relationships">
	<Relationship Type="http://schemas.openxmlformats.org/officeDocument/2006/relationships/worksheet" Target="/xl/worksheets/sheet1.xml" Id="rId1"/>
	<Relationship Type="http://schemas.openxmlformats.org/officeDocument/2006/relationships/worksheet" Target="/xl/worksheets/sheet2.xml" Id="rId2"/>
	<Relationship Type="http://schemas.openxmlformats.org/officeDocument/2006/relationships/worksheet" Target="/xl/worksheets/sheet3.xml" Id="rId3"/>
	<Relationship Type="http://schemas.openxmlformats.org/officeDocument/2006/relationships/worksheet" Target="/xl/worksheets/sheet4.xml" Id="rId4"/>
	<Relationship Type="http://schemas.openxmlformats.org/officeDocument/2006/relationships/worksheet" Target="/xl/worksheets/sheet5.xml" Id="rId5"/>
	<Relationship Type="http://schemas.openxmlformats.org/officeDocument/2006/relationships/styles" Target="styles.xml" Id="rId6"/>
	<Relationship Type="http://schemas.openxmlformats.org/officeDocument/2006/relationships/theme" Target="theme/theme1.xml" Id="rId7"/>
</Relationships>
