<?xml version="1.0" ?>
<table xmlns="http://schemas.openxmlformats.org/spreadsheetml/2006/main" id="13" name="Lake_River_Flow.users" displayName="Lake_River_Flow.users" ref="A18:A19" headerRowCount="1">
	<autoFilter ref="A18:A19"/>
	<tableColumns count="1">
		<tableColumn id="1" name="Name"/>
	</tableColumns>
	<tableStyleInfo name="TableStyleLight1" showFirstColumn="0" showLastColumn="0" showRowStripes="1" showColumnStripes="0"/>
</table>
