<?xml version="1.0" ?>
<table xmlns="http://schemas.openxmlformats.org/spreadsheetml/2006/main" id="2" name="_template_.codes" displayName="_template_.codes" ref="A16:C56" headerRowCount="1">
	<autoFilter ref="A16:C56"/>
	<tableColumns count="3">
		<tableColumn id="1" name="Code"/>
		<tableColumn id="2" name="Description"/>
		<tableColumn id="3" name="Summary"/>
	</tableColumns>
	<tableStyleInfo name="TableStyleLight1" showFirstColumn="0" showLastColumn="0" showRowStripes="1" showColumnStripes="0"/>
</table>
