<?xml version="1.0" ?>
<table xmlns="http://schemas.openxmlformats.org/spreadsheetml/2006/main" id="3" name="_template_.users" displayName="_template_.users" ref="A59:A61" headerRowCount="1">
	<autoFilter ref="A59:A61"/>
	<tableColumns count="1">
		<tableColumn id="1" name="Name"/>
	</tableColumns>
	<tableStyleInfo name="TableStyleLight1" showFirstColumn="0" showLastColumn="0" showRowStripes="1" showColumnStripes="0"/>
</table>
