<?xml version="1.0" ?>
<table xmlns="http://schemas.openxmlformats.org/spreadsheetml/2006/main" id="16" name="Street_Types.users" displayName="Street_Types.users" ref="A31:A32" headerRowCount="1">
	<autoFilter ref="A31:A32"/>
	<tableColumns count="1">
		<tableColumn id="1" name="Name"/>
	</tableColumns>
	<tableStyleInfo name="TableStyleLight1" showFirstColumn="0" showLastColumn="0" showRowStripes="1" showColumnStripes="0"/>
</table>
