<?xml version="1.0" ?>
<styleSheet xmlns="http://schemas.openxmlformats.org/spreadsheetml/2006/main">
	<numFmts count="0"/>
	<fonts count="6">
		<font>
			<name val="Arial"/>
			<family val="2"/>
			<color theme="1"/>
			<sz val="10"/>
			<scheme val="minor"/>
		</font>
		<font>
			<name val="Arial"/>
			<b val="1"/>
			<sz val="14"/>
		</font>
		<font>
			<name val="Arial"/>
			<b val="1"/>
			<sz val="10"/>
		</font>
		<font>
			<name val="Arial"/>
			<sz val="10"/>
		</font>
		<font>
			<name val="Arial"/>
			<color rgb="001B5173"/>
			<sz val="10"/>
			<u val="single"/>
		</font>
		<font>
			<name val="Arial"/>
			<b val="1"/>
			<i val="1"/>
			<sz val="12"/>
		</font>
	</fonts>
	<fills count="2">
		<fill>
			<patternFill/>
		</fill>
		<fill>
			<patternFill patternType="gray125"/>
		</fill>
	</fills>
	<borders count="2">
		<border>
			<left/>
			<right/>
			<top/>
			<bottom/>
			<diagonal/>
		</border>
		<border/>
	</borders>
	<cellStyleXfs count="8">
		<xf numFmtId="0" fontId="0" fillId="0" borderId="0"/>
		<xf numFmtId="0" fontId="1" fillId="0" borderId="1" applyAlignment="1">
			<alignment horizontal="left" vertical="top"/>
		</xf>
		<xf numFmtId="0" fontId="2" fillId="0" borderId="1" applyAlignment="1">
			<alignment horizontal="left" vertical="top"/>
		</xf>
		<xf numFmtId="0" fontId="3" fillId="0" borderId="1" applyAlignment="1">
			<alignment horizontal="left" vertical="top"/>
		</xf>
		<xf numFmtId="0" fontId="3" fillId="0" borderId="1" applyAlignment="1">
			<alignment horizontal="left" vertical="top" wrapText="1"/>
		</xf>
		<xf numFmtId="0" fontId="4" fillId="0" borderId="1" applyAlignment="1">
			<alignment horizontal="left" vertical="top"/>
		</xf>
		<xf numFmtId="0" fontId="3" fillId="0" borderId="1" applyAlignment="1">
			<alignment horizontal="right" vertical="top"/>
		</xf>
		<xf numFmtId="0" fontId="5" fillId="0" borderId="1" applyAlignment="1">
			<alignment horizontal="left" vertical="top"/>
		</xf>
	</cellStyleXfs>
	<cellXfs count="11">
		<xf numFmtId="0" fontId="0" fillId="0" borderId="0" pivotButton="0" quotePrefix="0" xfId="0"/>
		<xf numFmtId="49" fontId="1" fillId="0" borderId="1" applyAlignment="1" pivotButton="0" quotePrefix="0" xfId="1">
			<alignment horizontal="left" vertical="top"/>
		</xf>
		<xf numFmtId="49" fontId="2" fillId="0" borderId="1" applyAlignment="1" pivotButton="0" quotePrefix="0" xfId="2">
			<alignment horizontal="left" vertical="top"/>
		</xf>
		<xf numFmtId="49" fontId="3" fillId="0" borderId="1" applyAlignment="1" pivotButton="0" quotePrefix="0" xfId="3">
			<alignment horizontal="left" vertical="top"/>
		</xf>
		<xf numFmtId="49" fontId="3" fillId="0" borderId="1" applyAlignment="1" pivotButton="0" quotePrefix="0" xfId="4">
			<alignment horizontal="left" vertical="top" wrapText="1"/>
		</xf>
		<xf numFmtId="0" fontId="3" fillId="0" borderId="1" applyAlignment="1" pivotButton="0" quotePrefix="0" xfId="3">
			<alignment horizontal="left" vertical="top"/>
		</xf>
		<xf numFmtId="49" fontId="4" fillId="0" borderId="1" applyAlignment="1" pivotButton="0" quotePrefix="0" xfId="5">
			<alignment horizontal="left" vertical="top"/>
		</xf>
		<xf numFmtId="1" fontId="3" fillId="0" borderId="1" applyAlignment="1" pivotButton="0" quotePrefix="0" xfId="3">
			<alignment horizontal="left" vertical="top"/>
		</xf>
		<xf numFmtId="1" fontId="3" fillId="0" borderId="1" applyAlignment="1" pivotButton="0" quotePrefix="0" xfId="6">
			<alignment horizontal="right" vertical="top"/>
		</xf>
		<xf numFmtId="49" fontId="5" fillId="0" borderId="1" applyAlignment="1" pivotButton="0" quotePrefix="0" xfId="7">
			<alignment horizontal="left" vertical="top"/>
		</xf>
		<xf numFmtId="4" fontId="3" fillId="0" borderId="1" applyAlignment="1" pivotButton="0" quotePrefix="0" xfId="3">
			<alignment horizontal="left" vertical="top"/>
		</xf>
	</cellXfs>
	<cellStyles count="8">
		<cellStyle name="Normal" xfId="0" builtinId="0" hidden="0"/>
		<cellStyle name="Heading" xfId="1" hidden="0"/>
		<cellStyle name="Key" xfId="2" hidden="0"/>
		<cellStyle name="Basic" xfId="3" hidden="0"/>
		<cellStyle name="Wrapped" xfId="4" hidden="0"/>
		<cellStyle name="Link" xfId="5" hidden="0"/>
		<cellStyle name="Numeric" xfId="6" hidden="0"/>
		<cellStyle name="Heading 2" xfId="7" hidden="0"/>
	</cellStyles>
	<dxfs count="1">
		<dxf>
			<fill>
				<patternFill>
					<fgColor rgb="00E6B8B7"/>
					<bgColor rgb="00E6B8B7"/>
				</patternFill>
			</fill>
			<border>
				<top style="thin">
					<color rgb="00f2f2f2"/>
				</top>
				<bottom style="thin">
					<color rgb="00f2f2f2"/>
				</bottom>
			</border>
		</dxf>
	</dxfs>
	<tableStyles count="0" defaultTableStyle="TableStyleMedium9" defaultPivotStyle="PivotStyleLight16"/>
	<colors>
		<indexedColors>
			<rgbColor rgb="00000000"/>
			<rgbColor rgb="00FFFFFF"/>
			<rgbColor rgb="00FF0000"/>
			<rgbColor rgb="0000FF00"/>
			<rgbColor rgb="000000FF"/>
			<rgbColor rgb="00FFFF00"/>
			<rgbColor rgb="00FF00FF"/>
			<rgbColor rgb="0000FFFF"/>
			<rgbColor rgb="00000000"/>
			<rgbColor rgb="00FFFFFF"/>
			<rgbColor rgb="00FF0000"/>
			<rgbColor rgb="0000FF00"/>
			<rgbColor rgb="000000FF"/>
			<rgbColor rgb="00FFFF00"/>
			<rgbColor rgb="00FF00FF"/>
			<rgbColor rgb="0000FFFF"/>
			<rgbColor rgb="00800000"/>
			<rgbColor rgb="00008000"/>
			<rgbColor rgb="00000080"/>
			<rgbColor rgb="00808000"/>
			<rgbColor rgb="00800080"/>
			<rgbColor rgb="00008080"/>
			<rgbColor rgb="00C0C0C0"/>
			<rgbColor rgb="00808080"/>
			<rgbColor rgb="009999FF"/>
			<rgbColor rgb="00993366"/>
			<rgbColor rgb="00FFFFCC"/>
			<rgbColor rgb="00CCFFFF"/>
			<rgbColor rgb="00660066"/>
			<rgbColor rgb="00FF8080"/>
			<rgbColor rgb="000066CC"/>
			<rgbColor rgb="00CCCCFF"/>
			<rgbColor rgb="00000080"/>
			<rgbColor rgb="00FF00FF"/>
			<rgbColor rgb="00FFFF00"/>
			<rgbColor rgb="0000FFFF"/>
			<rgbColor rgb="00800080"/>
			<rgbColor rgb="00800000"/>
			<rgbColor rgb="00008080"/>
			<rgbColor rgb="000000FF"/>
			<rgbColor rgb="0000CCFF"/>
			<rgbColor rgb="00CCFFFF"/>
			<rgbColor rgb="00CCFFCC"/>
			<rgbColor rgb="00FFFF99"/>
			<rgbColor rgb="0099CCFF"/>
			<rgbColor rgb="00FF99CC"/>
			<rgbColor rgb="00CC99FF"/>
			<rgbColor rgb="00FFCC99"/>
			<rgbColor rgb="003366FF"/>
			<rgbColor rgb="0033CCCC"/>
			<rgbColor rgb="0099CC00"/>
			<rgbColor rgb="00FFCC00"/>
			<rgbColor rgb="00FF9900"/>
			<rgbColor rgb="00FF6600"/>
			<rgbColor rgb="00666699"/>
			<rgbColor rgb="00969696"/>
			<rgbColor rgb="00003366"/>
			<rgbColor rgb="00339966"/>
			<rgbColor rgb="00003300"/>
			<rgbColor rgb="00333300"/>
			<rgbColor rgb="00993300"/>
			<rgbColor rgb="00993366"/>
			<rgbColor rgb="00333399"/>
			<rgbColor rgb="00333333"/>
		</indexedColors>
	</colors>
</styleSheet>
