<?xml version="1.0" ?>
<workbook xmlns="http://schemas.openxmlformats.org/spreadsheetml/2006/main">
	<workbookPr/>
	<workbookProtection/>
	<bookViews>
		<workbookView visibility="visible" minimized="0" showHorizontalScroll="1" showVerticalScroll="1" showSheetTabs="1" tabRatio="600" firstSheet="0" activeTab="1" autoFilterDateGrouping="1"/>
	</bookViews>
	<sheets>
		<sheet xmlns:r="http://schemas.openxmlformats.org/officeDocument/2006/relationships" name="_dropdown_lookup_" sheetId="1" state="hidden" r:id="rId1"/>
		<sheet xmlns:r="http://schemas.openxmlformats.org/officeDocument/2006/relationships" name="_INFO_" sheetId="2" state="visible" r:id="rId2"/>
		<sheet xmlns:r="http://schemas.openxmlformats.org/officeDocument/2006/relationships" name="_template_" sheetId="3" state="visible" r:id="rId3"/>
		<sheet xmlns:r="http://schemas.openxmlformats.org/officeDocument/2006/relationships" name="Building_Inspections" sheetId="4" state="visible" r:id="rId4"/>
		<sheet xmlns:r="http://schemas.openxmlformats.org/officeDocument/2006/relationships" name="Rivers_and_Lakes" sheetId="5" state="visible" r:id="rId5"/>
	</sheets>
	<definedNames>
		<definedName name="dropdowns.workspace_type">'_dropdown_lookup_'!$A$2:$A$3</definedName>
		<definedName name="dropdowns.relationship_type">'_dropdown_lookup_'!$B$2:$B$3</definedName>
		<definedName name="dropdowns.notifications">'_dropdown_lookup_'!$C$2:$C$5</definedName>
		<definedName name="dropdowns.cardinality">'_dropdown_lookup_'!$D$2:$D$4</definedName>
		<definedName name="dropdowns.boolean">'_dropdown_lookup_'!$E$2:$E$3</definedName>
		<definedName name="dropdowns.field_type">'_dropdown_lookup_'!$F$2:$F$17</definedName>
	</definedNames>
	<calcPr calcId="124519" fullCalcOnLoad="1"/>
</workbook>
