<?xml version="1.0" ?>
<worksheet xmlns="http://schemas.openxmlformats.org/spreadsheetml/2006/main">
	<sheetPr>
		<outlinePr summaryBelow="1" summaryRight="1"/>
		<pageSetUpPr/>
	</sheetPr>
	<dimension ref="A1:K101"/>
	<sheetViews>
		<sheetView workbookViewId="0">
			<selection activeCell="A1" sqref="A1"/>
		</sheetView>
	</sheetViews>
	<sheetFormatPr baseColWidth="8" defaultRowHeight="15"/>
	<cols>
		<col width="25" customWidth="1" min="1" max="1"/>
		<col width="15" customWidth="1" min="2" max="2"/>
		<col width="80" customWidth="1" min="3" max="3"/>
		<col width="25" customWidth="1" min="4" max="4"/>
		<col width="22" customWidth="1" min="5" max="5"/>
		<col width="15" customWidth="1" min="6" max="6"/>
		<col width="12" customWidth="1" min="7" max="7"/>
		<col width="11" customWidth="1" min="8" max="8"/>
		<col width="11" customWidth="1" min="9" max="9"/>
		<col width="11" customWidth="1" min="10" max="10"/>
		<col width="10" customWidth="1" min="11" max="11"/>
	</cols>
	<sheetData>
		<row r="1">
			<c r="A1" s="6" t="inlineStr">
				<is>
					<t>Go to Index</t>
				</is>
			</c>
		</row>
		<row r="3">
			<c r="A3" s="2" t="inlineStr">
				<is>
					<t>Name</t>
				</is>
			</c>
			<c r="B3" s="3" t="inlineStr"/>
		</row>
		<row r="4">
			<c r="A4" s="2" t="inlineStr">
				<is>
					<t>Schema</t>
				</is>
			</c>
			<c r="B4" s="3" t="inlineStr"/>
		</row>
		<row r="5">
			<c r="A5" s="2" t="inlineStr">
				<is>
					<t>Alias</t>
				</is>
			</c>
			<c r="B5" s="3" t="inlineStr"/>
		</row>
		<row r="6">
			<c r="A6" s="2" t="inlineStr">
				<is>
					<t>Feature Dataset</t>
				</is>
			</c>
			<c r="B6" s="3" t="inlineStr"/>
		</row>
		<row r="7" ht="26.4" customHeight="1">
			<c r="A7" s="2" t="inlineStr">
				<is>
					<t>Summary</t>
				</is>
			</c>
			<c r="B7" s="4" t="inlineStr"/>
		</row>
		<row r="8">
			<c r="A8" s="2" t="inlineStr">
				<is>
					<t>Dataset Type</t>
				</is>
			</c>
			<c r="B8" s="3" t="inlineStr"/>
		</row>
		<row r="9">
			<c r="A9" s="2" t="inlineStr">
				<is>
					<t>Geometry Type</t>
				</is>
			</c>
			<c r="B9" s="3" t="inlineStr"/>
		</row>
		<row r="10">
			<c r="A10" s="2" t="inlineStr">
				<is>
					<t>Horizontal Spatial Ref.</t>
				</is>
			</c>
			<c r="B10" s="3" t="inlineStr"/>
		</row>
		<row r="11">
			<c r="A11" s="2" t="inlineStr">
				<is>
					<t>Vertical Spatial Ref.</t>
				</is>
			</c>
			<c r="B11" s="3" t="inlineStr"/>
		</row>
		<row r="12">
			<c r="A12" s="2" t="inlineStr">
				<is>
					<t>Has M-Values</t>
				</is>
			</c>
			<c r="B12" s="3" t="inlineStr"/>
		</row>
		<row r="13">
			<c r="A13" s="2" t="inlineStr">
				<is>
					<t>Has Z-Values</t>
				</is>
			</c>
			<c r="B13" s="3" t="inlineStr"/>
		</row>
		<row r="14">
			<c r="A14" s="2" t="inlineStr">
				<is>
					<t>64-bit OID</t>
				</is>
			</c>
			<c r="B14" s="3" t="inlineStr"/>
		</row>
		<row r="15">
			<c r="A15" s="2" t="inlineStr">
				<is>
					<t>Is Archived</t>
				</is>
			</c>
			<c r="B15" s="3" t="inlineStr"/>
		</row>
		<row r="16">
			<c r="A16" s="2" t="inlineStr">
				<is>
					<t>Is Versioned</t>
				</is>
			</c>
			<c r="B16" s="3" t="inlineStr"/>
		</row>
		<row r="17">
			<c r="A17" s="2" t="inlineStr">
				<is>
					<t>DSID</t>
				</is>
			</c>
			<c r="B17" s="7" t="inlineStr"/>
		</row>
		<row r="18">
			<c r="A18" s="5" t="inlineStr"/>
		</row>
		<row r="19">
			<c r="A19" s="1" t="inlineStr">
				<is>
					<t>Fields</t>
				</is>
			</c>
		</row>
		<row r="20">
			<c r="A20" s="3" t="inlineStr">
				<is>
					<t>Field Name</t>
				</is>
			</c>
			<c r="B20" s="3" t="inlineStr">
				<is>
					<t>Field Type</t>
				</is>
			</c>
			<c r="C20" s="3" t="inlineStr">
				<is>
					<t>Summary</t>
				</is>
			</c>
			<c r="D20" s="3" t="inlineStr">
				<is>
					<t>Alias Name</t>
				</is>
			</c>
			<c r="E20" s="3" t="inlineStr">
				<is>
					<t>Domain Name</t>
				</is>
			</c>
			<c r="F20" s="3" t="inlineStr">
				<is>
					<t>Default Value</t>
				</is>
			</c>
			<c r="G20" s="3" t="inlineStr">
				<is>
					<t>Is Nullable</t>
				</is>
			</c>
			<c r="H20" s="3" t="inlineStr">
				<is>
					<t>Length</t>
				</is>
			</c>
			<c r="I20" s="3" t="inlineStr">
				<is>
					<t>Precision</t>
				</is>
			</c>
			<c r="J20" s="3" t="inlineStr">
				<is>
					<t>Scale</t>
				</is>
			</c>
			<c r="K20" s="3" t="inlineStr">
				<is>
					<t>Order</t>
				</is>
			</c>
		</row>
		<row r="21">
			<c r="A21" s="3" t="inlineStr"/>
			<c r="B21" s="3" t="inlineStr"/>
			<c r="C21" s="4" t="inlineStr"/>
			<c r="D21" s="3" t="inlineStr"/>
			<c r="E21" s="3" t="inlineStr"/>
			<c r="F21" s="3" t="inlineStr"/>
			<c r="G21" s="3" t="inlineStr"/>
			<c r="H21" s="8" t="inlineStr"/>
			<c r="I21" s="8" t="inlineStr"/>
			<c r="J21" s="8" t="inlineStr"/>
			<c r="K21" s="8" t="n">
				<v>1</v>
			</c>
		</row>
		<row r="22">
			<c r="A22" s="3" t="inlineStr"/>
			<c r="B22" s="3" t="inlineStr"/>
			<c r="C22" s="4" t="inlineStr"/>
			<c r="D22" s="3" t="inlineStr"/>
			<c r="E22" s="3" t="inlineStr"/>
			<c r="F22" s="3" t="inlineStr"/>
			<c r="G22" s="3" t="inlineStr"/>
			<c r="H22" s="8" t="inlineStr"/>
			<c r="I22" s="8" t="inlineStr"/>
			<c r="J22" s="8" t="inlineStr"/>
			<c r="K22" s="8" t="n">
				<v>2</v>
			</c>
		</row>
		<row r="23">
			<c r="A23" s="3" t="inlineStr"/>
			<c r="B23" s="3" t="inlineStr"/>
			<c r="C23" s="4" t="inlineStr"/>
			<c r="D23" s="3" t="inlineStr"/>
			<c r="E23" s="3" t="inlineStr"/>
			<c r="F23" s="3" t="inlineStr"/>
			<c r="G23" s="3" t="inlineStr"/>
			<c r="H23" s="8" t="inlineStr"/>
			<c r="I23" s="8" t="inlineStr"/>
			<c r="J23" s="8" t="inlineStr"/>
			<c r="K23" s="8" t="n">
				<v>3</v>
			</c>
		</row>
		<row r="24">
			<c r="A24" s="3" t="inlineStr"/>
			<c r="B24" s="3" t="inlineStr"/>
			<c r="C24" s="4" t="inlineStr"/>
			<c r="D24" s="3" t="inlineStr"/>
			<c r="E24" s="3" t="inlineStr"/>
			<c r="F24" s="3" t="inlineStr"/>
			<c r="G24" s="3" t="inlineStr"/>
			<c r="H24" s="8" t="inlineStr"/>
			<c r="I24" s="8" t="inlineStr"/>
			<c r="J24" s="8" t="inlineStr"/>
			<c r="K24" s="8" t="n">
				<v>4</v>
			</c>
		</row>
		<row r="25">
			<c r="A25" s="3" t="inlineStr"/>
			<c r="B25" s="3" t="inlineStr"/>
			<c r="C25" s="4" t="inlineStr"/>
			<c r="D25" s="3" t="inlineStr"/>
			<c r="E25" s="3" t="inlineStr"/>
			<c r="F25" s="3" t="inlineStr"/>
			<c r="G25" s="3" t="inlineStr"/>
			<c r="H25" s="8" t="inlineStr"/>
			<c r="I25" s="8" t="inlineStr"/>
			<c r="J25" s="8" t="inlineStr"/>
			<c r="K25" s="8" t="n">
				<v>5</v>
			</c>
		</row>
		<row r="26">
			<c r="A26" s="3" t="inlineStr"/>
			<c r="B26" s="3" t="inlineStr"/>
			<c r="C26" s="4" t="inlineStr"/>
			<c r="D26" s="3" t="inlineStr"/>
			<c r="E26" s="3" t="inlineStr"/>
			<c r="F26" s="3" t="inlineStr"/>
			<c r="G26" s="3" t="inlineStr"/>
			<c r="H26" s="8" t="inlineStr"/>
			<c r="I26" s="8" t="inlineStr"/>
			<c r="J26" s="8" t="inlineStr"/>
			<c r="K26" s="8" t="n">
				<v>6</v>
			</c>
		</row>
		<row r="27">
			<c r="A27" s="3" t="inlineStr"/>
			<c r="B27" s="3" t="inlineStr"/>
			<c r="C27" s="4" t="inlineStr"/>
			<c r="D27" s="3" t="inlineStr"/>
			<c r="E27" s="3" t="inlineStr"/>
			<c r="F27" s="3" t="inlineStr"/>
			<c r="G27" s="3" t="inlineStr"/>
			<c r="H27" s="8" t="inlineStr"/>
			<c r="I27" s="8" t="inlineStr"/>
			<c r="J27" s="8" t="inlineStr"/>
			<c r="K27" s="8" t="n">
				<v>7</v>
			</c>
		</row>
		<row r="28">
			<c r="A28" s="3" t="inlineStr"/>
			<c r="B28" s="3" t="inlineStr"/>
			<c r="C28" s="4" t="inlineStr"/>
			<c r="D28" s="3" t="inlineStr"/>
			<c r="E28" s="3" t="inlineStr"/>
			<c r="F28" s="3" t="inlineStr"/>
			<c r="G28" s="3" t="inlineStr"/>
			<c r="H28" s="8" t="inlineStr"/>
			<c r="I28" s="8" t="inlineStr"/>
			<c r="J28" s="8" t="inlineStr"/>
			<c r="K28" s="8" t="n">
				<v>8</v>
			</c>
		</row>
		<row r="29">
			<c r="A29" s="3" t="inlineStr"/>
			<c r="B29" s="3" t="inlineStr"/>
			<c r="C29" s="4" t="inlineStr"/>
			<c r="D29" s="3" t="inlineStr"/>
			<c r="E29" s="3" t="inlineStr"/>
			<c r="F29" s="3" t="inlineStr"/>
			<c r="G29" s="3" t="inlineStr"/>
			<c r="H29" s="8" t="inlineStr"/>
			<c r="I29" s="8" t="inlineStr"/>
			<c r="J29" s="8" t="inlineStr"/>
			<c r="K29" s="8" t="n">
				<v>9</v>
			</c>
		</row>
		<row r="30">
			<c r="A30" s="3" t="inlineStr"/>
			<c r="B30" s="3" t="inlineStr"/>
			<c r="C30" s="4" t="inlineStr"/>
			<c r="D30" s="3" t="inlineStr"/>
			<c r="E30" s="3" t="inlineStr"/>
			<c r="F30" s="3" t="inlineStr"/>
			<c r="G30" s="3" t="inlineStr"/>
			<c r="H30" s="8" t="inlineStr"/>
			<c r="I30" s="8" t="inlineStr"/>
			<c r="J30" s="8" t="inlineStr"/>
			<c r="K30" s="8" t="n">
				<v>10</v>
			</c>
		</row>
		<row r="31">
			<c r="A31" s="3" t="inlineStr"/>
			<c r="B31" s="3" t="inlineStr"/>
			<c r="C31" s="4" t="inlineStr"/>
			<c r="D31" s="3" t="inlineStr"/>
			<c r="E31" s="3" t="inlineStr"/>
			<c r="F31" s="3" t="inlineStr"/>
			<c r="G31" s="3" t="inlineStr"/>
			<c r="H31" s="8" t="inlineStr"/>
			<c r="I31" s="8" t="inlineStr"/>
			<c r="J31" s="8" t="inlineStr"/>
			<c r="K31" s="8" t="n">
				<v>11</v>
			</c>
		</row>
		<row r="32">
			<c r="A32" s="3" t="inlineStr"/>
			<c r="B32" s="3" t="inlineStr"/>
			<c r="C32" s="4" t="inlineStr"/>
			<c r="D32" s="3" t="inlineStr"/>
			<c r="E32" s="3" t="inlineStr"/>
			<c r="F32" s="3" t="inlineStr"/>
			<c r="G32" s="3" t="inlineStr"/>
			<c r="H32" s="8" t="inlineStr"/>
			<c r="I32" s="8" t="inlineStr"/>
			<c r="J32" s="8" t="inlineStr"/>
			<c r="K32" s="8" t="n">
				<v>12</v>
			</c>
		</row>
		<row r="33">
			<c r="A33" s="3" t="inlineStr"/>
			<c r="B33" s="3" t="inlineStr"/>
			<c r="C33" s="4" t="inlineStr"/>
			<c r="D33" s="3" t="inlineStr"/>
			<c r="E33" s="3" t="inlineStr"/>
			<c r="F33" s="3" t="inlineStr"/>
			<c r="G33" s="3" t="inlineStr"/>
			<c r="H33" s="8" t="inlineStr"/>
			<c r="I33" s="8" t="inlineStr"/>
			<c r="J33" s="8" t="inlineStr"/>
			<c r="K33" s="8" t="n">
				<v>13</v>
			</c>
		</row>
		<row r="34">
			<c r="A34" s="3" t="inlineStr"/>
			<c r="B34" s="3" t="inlineStr"/>
			<c r="C34" s="4" t="inlineStr"/>
			<c r="D34" s="3" t="inlineStr"/>
			<c r="E34" s="3" t="inlineStr"/>
			<c r="F34" s="3" t="inlineStr"/>
			<c r="G34" s="3" t="inlineStr"/>
			<c r="H34" s="8" t="inlineStr"/>
			<c r="I34" s="8" t="inlineStr"/>
			<c r="J34" s="8" t="inlineStr"/>
			<c r="K34" s="8" t="n">
				<v>14</v>
			</c>
		</row>
		<row r="35">
			<c r="A35" s="3" t="inlineStr"/>
			<c r="B35" s="3" t="inlineStr"/>
			<c r="C35" s="4" t="inlineStr"/>
			<c r="D35" s="3" t="inlineStr"/>
			<c r="E35" s="3" t="inlineStr"/>
			<c r="F35" s="3" t="inlineStr"/>
			<c r="G35" s="3" t="inlineStr"/>
			<c r="H35" s="8" t="inlineStr"/>
			<c r="I35" s="8" t="inlineStr"/>
			<c r="J35" s="8" t="inlineStr"/>
			<c r="K35" s="8" t="n">
				<v>15</v>
			</c>
		</row>
		<row r="36">
			<c r="A36" s="3" t="inlineStr"/>
			<c r="B36" s="3" t="inlineStr"/>
			<c r="C36" s="4" t="inlineStr"/>
			<c r="D36" s="3" t="inlineStr"/>
			<c r="E36" s="3" t="inlineStr"/>
			<c r="F36" s="3" t="inlineStr"/>
			<c r="G36" s="3" t="inlineStr"/>
			<c r="H36" s="8" t="inlineStr"/>
			<c r="I36" s="8" t="inlineStr"/>
			<c r="J36" s="8" t="inlineStr"/>
			<c r="K36" s="8" t="n">
				<v>16</v>
			</c>
		</row>
		<row r="37">
			<c r="A37" s="3" t="inlineStr"/>
			<c r="B37" s="3" t="inlineStr"/>
			<c r="C37" s="4" t="inlineStr"/>
			<c r="D37" s="3" t="inlineStr"/>
			<c r="E37" s="3" t="inlineStr"/>
			<c r="F37" s="3" t="inlineStr"/>
			<c r="G37" s="3" t="inlineStr"/>
			<c r="H37" s="8" t="inlineStr"/>
			<c r="I37" s="8" t="inlineStr"/>
			<c r="J37" s="8" t="inlineStr"/>
			<c r="K37" s="8" t="n">
				<v>17</v>
			</c>
		</row>
		<row r="38">
			<c r="A38" s="3" t="inlineStr"/>
			<c r="B38" s="3" t="inlineStr"/>
			<c r="C38" s="4" t="inlineStr"/>
			<c r="D38" s="3" t="inlineStr"/>
			<c r="E38" s="3" t="inlineStr"/>
			<c r="F38" s="3" t="inlineStr"/>
			<c r="G38" s="3" t="inlineStr"/>
			<c r="H38" s="8" t="inlineStr"/>
			<c r="I38" s="8" t="inlineStr"/>
			<c r="J38" s="8" t="inlineStr"/>
			<c r="K38" s="8" t="n">
				<v>18</v>
			</c>
		</row>
		<row r="39">
			<c r="A39" s="3" t="inlineStr"/>
			<c r="B39" s="3" t="inlineStr"/>
			<c r="C39" s="4" t="inlineStr"/>
			<c r="D39" s="3" t="inlineStr"/>
			<c r="E39" s="3" t="inlineStr"/>
			<c r="F39" s="3" t="inlineStr"/>
			<c r="G39" s="3" t="inlineStr"/>
			<c r="H39" s="8" t="inlineStr"/>
			<c r="I39" s="8" t="inlineStr"/>
			<c r="J39" s="8" t="inlineStr"/>
			<c r="K39" s="8" t="n">
				<v>19</v>
			</c>
		</row>
		<row r="40">
			<c r="A40" s="3" t="inlineStr"/>
			<c r="B40" s="3" t="inlineStr"/>
			<c r="C40" s="4" t="inlineStr"/>
			<c r="D40" s="3" t="inlineStr"/>
			<c r="E40" s="3" t="inlineStr"/>
			<c r="F40" s="3" t="inlineStr"/>
			<c r="G40" s="3" t="inlineStr"/>
			<c r="H40" s="8" t="inlineStr"/>
			<c r="I40" s="8" t="inlineStr"/>
			<c r="J40" s="8" t="inlineStr"/>
			<c r="K40" s="8" t="n">
				<v>20</v>
			</c>
		</row>
		<row r="41">
			<c r="A41" s="3" t="inlineStr"/>
			<c r="B41" s="3" t="inlineStr"/>
			<c r="C41" s="4" t="inlineStr"/>
			<c r="D41" s="3" t="inlineStr"/>
			<c r="E41" s="3" t="inlineStr"/>
			<c r="F41" s="3" t="inlineStr"/>
			<c r="G41" s="3" t="inlineStr"/>
			<c r="H41" s="8" t="inlineStr"/>
			<c r="I41" s="8" t="inlineStr"/>
			<c r="J41" s="8" t="inlineStr"/>
			<c r="K41" s="8" t="n">
				<v>21</v>
			</c>
		</row>
		<row r="42">
			<c r="A42" s="3" t="inlineStr"/>
			<c r="B42" s="3" t="inlineStr"/>
			<c r="C42" s="4" t="inlineStr"/>
			<c r="D42" s="3" t="inlineStr"/>
			<c r="E42" s="3" t="inlineStr"/>
			<c r="F42" s="3" t="inlineStr"/>
			<c r="G42" s="3" t="inlineStr"/>
			<c r="H42" s="8" t="inlineStr"/>
			<c r="I42" s="8" t="inlineStr"/>
			<c r="J42" s="8" t="inlineStr"/>
			<c r="K42" s="8" t="n">
				<v>22</v>
			</c>
		</row>
		<row r="43">
			<c r="A43" s="3" t="inlineStr"/>
			<c r="B43" s="3" t="inlineStr"/>
			<c r="C43" s="4" t="inlineStr"/>
			<c r="D43" s="3" t="inlineStr"/>
			<c r="E43" s="3" t="inlineStr"/>
			<c r="F43" s="3" t="inlineStr"/>
			<c r="G43" s="3" t="inlineStr"/>
			<c r="H43" s="8" t="inlineStr"/>
			<c r="I43" s="8" t="inlineStr"/>
			<c r="J43" s="8" t="inlineStr"/>
			<c r="K43" s="8" t="n">
				<v>23</v>
			</c>
		</row>
		<row r="44">
			<c r="A44" s="3" t="inlineStr"/>
			<c r="B44" s="3" t="inlineStr"/>
			<c r="C44" s="4" t="inlineStr"/>
			<c r="D44" s="3" t="inlineStr"/>
			<c r="E44" s="3" t="inlineStr"/>
			<c r="F44" s="3" t="inlineStr"/>
			<c r="G44" s="3" t="inlineStr"/>
			<c r="H44" s="8" t="inlineStr"/>
			<c r="I44" s="8" t="inlineStr"/>
			<c r="J44" s="8" t="inlineStr"/>
			<c r="K44" s="8" t="n">
				<v>24</v>
			</c>
		</row>
		<row r="45">
			<c r="A45" s="3" t="inlineStr"/>
			<c r="B45" s="3" t="inlineStr"/>
			<c r="C45" s="4" t="inlineStr"/>
			<c r="D45" s="3" t="inlineStr"/>
			<c r="E45" s="3" t="inlineStr"/>
			<c r="F45" s="3" t="inlineStr"/>
			<c r="G45" s="3" t="inlineStr"/>
			<c r="H45" s="8" t="inlineStr"/>
			<c r="I45" s="8" t="inlineStr"/>
			<c r="J45" s="8" t="inlineStr"/>
			<c r="K45" s="8" t="n">
				<v>25</v>
			</c>
		</row>
		<row r="46">
			<c r="A46" s="3" t="inlineStr"/>
			<c r="B46" s="3" t="inlineStr"/>
			<c r="C46" s="4" t="inlineStr"/>
			<c r="D46" s="3" t="inlineStr"/>
			<c r="E46" s="3" t="inlineStr"/>
			<c r="F46" s="3" t="inlineStr"/>
			<c r="G46" s="3" t="inlineStr"/>
			<c r="H46" s="8" t="inlineStr"/>
			<c r="I46" s="8" t="inlineStr"/>
			<c r="J46" s="8" t="inlineStr"/>
			<c r="K46" s="8" t="n">
				<v>26</v>
			</c>
		</row>
		<row r="47">
			<c r="A47" s="3" t="inlineStr"/>
			<c r="B47" s="3" t="inlineStr"/>
			<c r="C47" s="4" t="inlineStr"/>
			<c r="D47" s="3" t="inlineStr"/>
			<c r="E47" s="3" t="inlineStr"/>
			<c r="F47" s="3" t="inlineStr"/>
			<c r="G47" s="3" t="inlineStr"/>
			<c r="H47" s="8" t="inlineStr"/>
			<c r="I47" s="8" t="inlineStr"/>
			<c r="J47" s="8" t="inlineStr"/>
			<c r="K47" s="8" t="n">
				<v>27</v>
			</c>
		</row>
		<row r="48">
			<c r="A48" s="3" t="inlineStr"/>
			<c r="B48" s="3" t="inlineStr"/>
			<c r="C48" s="4" t="inlineStr"/>
			<c r="D48" s="3" t="inlineStr"/>
			<c r="E48" s="3" t="inlineStr"/>
			<c r="F48" s="3" t="inlineStr"/>
			<c r="G48" s="3" t="inlineStr"/>
			<c r="H48" s="8" t="inlineStr"/>
			<c r="I48" s="8" t="inlineStr"/>
			<c r="J48" s="8" t="inlineStr"/>
			<c r="K48" s="8" t="n">
				<v>28</v>
			</c>
		</row>
		<row r="49">
			<c r="A49" s="3" t="inlineStr"/>
			<c r="B49" s="3" t="inlineStr"/>
			<c r="C49" s="4" t="inlineStr"/>
			<c r="D49" s="3" t="inlineStr"/>
			<c r="E49" s="3" t="inlineStr"/>
			<c r="F49" s="3" t="inlineStr"/>
			<c r="G49" s="3" t="inlineStr"/>
			<c r="H49" s="8" t="inlineStr"/>
			<c r="I49" s="8" t="inlineStr"/>
			<c r="J49" s="8" t="inlineStr"/>
			<c r="K49" s="8" t="n">
				<v>29</v>
			</c>
		</row>
		<row r="50">
			<c r="A50" s="3" t="inlineStr"/>
			<c r="B50" s="3" t="inlineStr"/>
			<c r="C50" s="4" t="inlineStr"/>
			<c r="D50" s="3" t="inlineStr"/>
			<c r="E50" s="3" t="inlineStr"/>
			<c r="F50" s="3" t="inlineStr"/>
			<c r="G50" s="3" t="inlineStr"/>
			<c r="H50" s="8" t="inlineStr"/>
			<c r="I50" s="8" t="inlineStr"/>
			<c r="J50" s="8" t="inlineStr"/>
			<c r="K50" s="8" t="n">
				<v>30</v>
			</c>
		</row>
		<row r="51">
			<c r="A51" s="3" t="inlineStr"/>
			<c r="B51" s="3" t="inlineStr"/>
			<c r="C51" s="4" t="inlineStr"/>
			<c r="D51" s="3" t="inlineStr"/>
			<c r="E51" s="3" t="inlineStr"/>
			<c r="F51" s="3" t="inlineStr"/>
			<c r="G51" s="3" t="inlineStr"/>
			<c r="H51" s="8" t="inlineStr"/>
			<c r="I51" s="8" t="inlineStr"/>
			<c r="J51" s="8" t="inlineStr"/>
			<c r="K51" s="8" t="n">
				<v>31</v>
			</c>
		</row>
		<row r="52">
			<c r="A52" s="3" t="inlineStr"/>
			<c r="B52" s="3" t="inlineStr"/>
			<c r="C52" s="4" t="inlineStr"/>
			<c r="D52" s="3" t="inlineStr"/>
			<c r="E52" s="3" t="inlineStr"/>
			<c r="F52" s="3" t="inlineStr"/>
			<c r="G52" s="3" t="inlineStr"/>
			<c r="H52" s="8" t="inlineStr"/>
			<c r="I52" s="8" t="inlineStr"/>
			<c r="J52" s="8" t="inlineStr"/>
			<c r="K52" s="8" t="n">
				<v>32</v>
			</c>
		</row>
		<row r="53">
			<c r="A53" s="3" t="inlineStr"/>
			<c r="B53" s="3" t="inlineStr"/>
			<c r="C53" s="4" t="inlineStr"/>
			<c r="D53" s="3" t="inlineStr"/>
			<c r="E53" s="3" t="inlineStr"/>
			<c r="F53" s="3" t="inlineStr"/>
			<c r="G53" s="3" t="inlineStr"/>
			<c r="H53" s="8" t="inlineStr"/>
			<c r="I53" s="8" t="inlineStr"/>
			<c r="J53" s="8" t="inlineStr"/>
			<c r="K53" s="8" t="n">
				<v>33</v>
			</c>
		</row>
		<row r="54">
			<c r="A54" s="3" t="inlineStr"/>
			<c r="B54" s="3" t="inlineStr"/>
			<c r="C54" s="4" t="inlineStr"/>
			<c r="D54" s="3" t="inlineStr"/>
			<c r="E54" s="3" t="inlineStr"/>
			<c r="F54" s="3" t="inlineStr"/>
			<c r="G54" s="3" t="inlineStr"/>
			<c r="H54" s="8" t="inlineStr"/>
			<c r="I54" s="8" t="inlineStr"/>
			<c r="J54" s="8" t="inlineStr"/>
			<c r="K54" s="8" t="n">
				<v>34</v>
			</c>
		</row>
		<row r="55">
			<c r="A55" s="3" t="inlineStr"/>
			<c r="B55" s="3" t="inlineStr"/>
			<c r="C55" s="4" t="inlineStr"/>
			<c r="D55" s="3" t="inlineStr"/>
			<c r="E55" s="3" t="inlineStr"/>
			<c r="F55" s="3" t="inlineStr"/>
			<c r="G55" s="3" t="inlineStr"/>
			<c r="H55" s="8" t="inlineStr"/>
			<c r="I55" s="8" t="inlineStr"/>
			<c r="J55" s="8" t="inlineStr"/>
			<c r="K55" s="8" t="n">
				<v>35</v>
			</c>
		</row>
		<row r="56">
			<c r="A56" s="3" t="inlineStr"/>
			<c r="B56" s="3" t="inlineStr"/>
			<c r="C56" s="4" t="inlineStr"/>
			<c r="D56" s="3" t="inlineStr"/>
			<c r="E56" s="3" t="inlineStr"/>
			<c r="F56" s="3" t="inlineStr"/>
			<c r="G56" s="3" t="inlineStr"/>
			<c r="H56" s="8" t="inlineStr"/>
			<c r="I56" s="8" t="inlineStr"/>
			<c r="J56" s="8" t="inlineStr"/>
			<c r="K56" s="8" t="n">
				<v>36</v>
			</c>
		</row>
		<row r="57">
			<c r="A57" s="3" t="inlineStr"/>
			<c r="B57" s="3" t="inlineStr"/>
			<c r="C57" s="4" t="inlineStr"/>
			<c r="D57" s="3" t="inlineStr"/>
			<c r="E57" s="3" t="inlineStr"/>
			<c r="F57" s="3" t="inlineStr"/>
			<c r="G57" s="3" t="inlineStr"/>
			<c r="H57" s="8" t="inlineStr"/>
			<c r="I57" s="8" t="inlineStr"/>
			<c r="J57" s="8" t="inlineStr"/>
			<c r="K57" s="8" t="n">
				<v>37</v>
			</c>
		</row>
		<row r="58">
			<c r="A58" s="3" t="inlineStr"/>
			<c r="B58" s="3" t="inlineStr"/>
			<c r="C58" s="4" t="inlineStr"/>
			<c r="D58" s="3" t="inlineStr"/>
			<c r="E58" s="3" t="inlineStr"/>
			<c r="F58" s="3" t="inlineStr"/>
			<c r="G58" s="3" t="inlineStr"/>
			<c r="H58" s="8" t="inlineStr"/>
			<c r="I58" s="8" t="inlineStr"/>
			<c r="J58" s="8" t="inlineStr"/>
			<c r="K58" s="8" t="n">
				<v>38</v>
			</c>
		</row>
		<row r="59">
			<c r="A59" s="3" t="inlineStr"/>
			<c r="B59" s="3" t="inlineStr"/>
			<c r="C59" s="4" t="inlineStr"/>
			<c r="D59" s="3" t="inlineStr"/>
			<c r="E59" s="3" t="inlineStr"/>
			<c r="F59" s="3" t="inlineStr"/>
			<c r="G59" s="3" t="inlineStr"/>
			<c r="H59" s="8" t="inlineStr"/>
			<c r="I59" s="8" t="inlineStr"/>
			<c r="J59" s="8" t="inlineStr"/>
			<c r="K59" s="8" t="n">
				<v>39</v>
			</c>
		</row>
		<row r="60">
			<c r="A60" s="3" t="inlineStr"/>
			<c r="B60" s="3" t="inlineStr"/>
			<c r="C60" s="4" t="inlineStr"/>
			<c r="D60" s="3" t="inlineStr"/>
			<c r="E60" s="3" t="inlineStr"/>
			<c r="F60" s="3" t="inlineStr"/>
			<c r="G60" s="3" t="inlineStr"/>
			<c r="H60" s="8" t="inlineStr"/>
			<c r="I60" s="8" t="inlineStr"/>
			<c r="J60" s="8" t="inlineStr"/>
			<c r="K60" s="8" t="n">
				<v>40</v>
			</c>
		</row>
		<row r="61">
			<c r="A61" s="3" t="inlineStr"/>
			<c r="B61" s="3" t="inlineStr"/>
			<c r="C61" s="4" t="inlineStr"/>
			<c r="D61" s="3" t="inlineStr"/>
			<c r="E61" s="3" t="inlineStr"/>
			<c r="F61" s="3" t="inlineStr"/>
			<c r="G61" s="3" t="inlineStr"/>
			<c r="H61" s="8" t="inlineStr"/>
			<c r="I61" s="8" t="inlineStr"/>
			<c r="J61" s="8" t="inlineStr"/>
			<c r="K61" s="8" t="n">
				<v>41</v>
			</c>
		</row>
		<row r="62">
			<c r="A62" s="3" t="inlineStr"/>
			<c r="B62" s="3" t="inlineStr"/>
			<c r="C62" s="4" t="inlineStr"/>
			<c r="D62" s="3" t="inlineStr"/>
			<c r="E62" s="3" t="inlineStr"/>
			<c r="F62" s="3" t="inlineStr"/>
			<c r="G62" s="3" t="inlineStr"/>
			<c r="H62" s="8" t="inlineStr"/>
			<c r="I62" s="8" t="inlineStr"/>
			<c r="J62" s="8" t="inlineStr"/>
			<c r="K62" s="8" t="n">
				<v>42</v>
			</c>
		</row>
		<row r="63">
			<c r="A63" s="3" t="inlineStr"/>
			<c r="B63" s="3" t="inlineStr"/>
			<c r="C63" s="4" t="inlineStr"/>
			<c r="D63" s="3" t="inlineStr"/>
			<c r="E63" s="3" t="inlineStr"/>
			<c r="F63" s="3" t="inlineStr"/>
			<c r="G63" s="3" t="inlineStr"/>
			<c r="H63" s="8" t="inlineStr"/>
			<c r="I63" s="8" t="inlineStr"/>
			<c r="J63" s="8" t="inlineStr"/>
			<c r="K63" s="8" t="n">
				<v>43</v>
			</c>
		</row>
		<row r="64">
			<c r="A64" s="3" t="inlineStr"/>
			<c r="B64" s="3" t="inlineStr"/>
			<c r="C64" s="4" t="inlineStr"/>
			<c r="D64" s="3" t="inlineStr"/>
			<c r="E64" s="3" t="inlineStr"/>
			<c r="F64" s="3" t="inlineStr"/>
			<c r="G64" s="3" t="inlineStr"/>
			<c r="H64" s="8" t="inlineStr"/>
			<c r="I64" s="8" t="inlineStr"/>
			<c r="J64" s="8" t="inlineStr"/>
			<c r="K64" s="8" t="n">
				<v>44</v>
			</c>
		</row>
		<row r="65">
			<c r="A65" s="3" t="inlineStr"/>
			<c r="B65" s="3" t="inlineStr"/>
			<c r="C65" s="4" t="inlineStr"/>
			<c r="D65" s="3" t="inlineStr"/>
			<c r="E65" s="3" t="inlineStr"/>
			<c r="F65" s="3" t="inlineStr"/>
			<c r="G65" s="3" t="inlineStr"/>
			<c r="H65" s="8" t="inlineStr"/>
			<c r="I65" s="8" t="inlineStr"/>
			<c r="J65" s="8" t="inlineStr"/>
			<c r="K65" s="8" t="n">
				<v>45</v>
			</c>
		</row>
		<row r="66">
			<c r="A66" s="3" t="inlineStr"/>
			<c r="B66" s="3" t="inlineStr"/>
			<c r="C66" s="4" t="inlineStr"/>
			<c r="D66" s="3" t="inlineStr"/>
			<c r="E66" s="3" t="inlineStr"/>
			<c r="F66" s="3" t="inlineStr"/>
			<c r="G66" s="3" t="inlineStr"/>
			<c r="H66" s="8" t="inlineStr"/>
			<c r="I66" s="8" t="inlineStr"/>
			<c r="J66" s="8" t="inlineStr"/>
			<c r="K66" s="8" t="n">
				<v>46</v>
			</c>
		</row>
		<row r="67">
			<c r="A67" s="3" t="inlineStr"/>
			<c r="B67" s="3" t="inlineStr"/>
			<c r="C67" s="4" t="inlineStr"/>
			<c r="D67" s="3" t="inlineStr"/>
			<c r="E67" s="3" t="inlineStr"/>
			<c r="F67" s="3" t="inlineStr"/>
			<c r="G67" s="3" t="inlineStr"/>
			<c r="H67" s="8" t="inlineStr"/>
			<c r="I67" s="8" t="inlineStr"/>
			<c r="J67" s="8" t="inlineStr"/>
			<c r="K67" s="8" t="n">
				<v>47</v>
			</c>
		</row>
		<row r="68">
			<c r="A68" s="3" t="inlineStr"/>
			<c r="B68" s="3" t="inlineStr"/>
			<c r="C68" s="4" t="inlineStr"/>
			<c r="D68" s="3" t="inlineStr"/>
			<c r="E68" s="3" t="inlineStr"/>
			<c r="F68" s="3" t="inlineStr"/>
			<c r="G68" s="3" t="inlineStr"/>
			<c r="H68" s="8" t="inlineStr"/>
			<c r="I68" s="8" t="inlineStr"/>
			<c r="J68" s="8" t="inlineStr"/>
			<c r="K68" s="8" t="n">
				<v>48</v>
			</c>
		</row>
		<row r="69">
			<c r="A69" s="3" t="inlineStr"/>
			<c r="B69" s="3" t="inlineStr"/>
			<c r="C69" s="4" t="inlineStr"/>
			<c r="D69" s="3" t="inlineStr"/>
			<c r="E69" s="3" t="inlineStr"/>
			<c r="F69" s="3" t="inlineStr"/>
			<c r="G69" s="3" t="inlineStr"/>
			<c r="H69" s="8" t="inlineStr"/>
			<c r="I69" s="8" t="inlineStr"/>
			<c r="J69" s="8" t="inlineStr"/>
			<c r="K69" s="8" t="n">
				<v>49</v>
			</c>
		</row>
		<row r="70">
			<c r="A70" s="3" t="inlineStr"/>
			<c r="B70" s="3" t="inlineStr"/>
			<c r="C70" s="4" t="inlineStr"/>
			<c r="D70" s="3" t="inlineStr"/>
			<c r="E70" s="3" t="inlineStr"/>
			<c r="F70" s="3" t="inlineStr"/>
			<c r="G70" s="3" t="inlineStr"/>
			<c r="H70" s="8" t="inlineStr"/>
			<c r="I70" s="8" t="inlineStr"/>
			<c r="J70" s="8" t="inlineStr"/>
			<c r="K70" s="8" t="n">
				<v>50</v>
			</c>
		</row>
		<row r="71">
			<c r="A71" s="5" t="inlineStr"/>
		</row>
		<row r="72">
			<c r="A72" s="1" t="inlineStr">
				<is>
					<t>Subtype</t>
				</is>
			</c>
		</row>
		<row r="73">
			<c r="A73" s="2" t="inlineStr">
				<is>
					<t>Subtype Field Name</t>
				</is>
			</c>
			<c r="B73" s="3" t="inlineStr"/>
		</row>
		<row r="74">
			<c r="A74" s="5" t="inlineStr"/>
		</row>
		<row r="75">
			<c r="A75" s="9" t="inlineStr">
				<is>
					<t>Subtype Details</t>
				</is>
			</c>
		</row>
		<row r="76">
			<c r="A76" s="3" t="inlineStr">
				<is>
					<t>Subtype Name</t>
				</is>
			</c>
			<c r="B76" s="3" t="inlineStr">
				<is>
					<t>Code</t>
				</is>
			</c>
			<c r="C76" s="3" t="inlineStr">
				<is>
					<t>Description</t>
				</is>
			</c>
			<c r="D76" s="3" t="inlineStr">
				<is>
					<t>Field Name</t>
				</is>
			</c>
			<c r="E76" s="3" t="inlineStr">
				<is>
					<t>Domain Name</t>
				</is>
			</c>
			<c r="F76" s="3" t="inlineStr">
				<is>
					<t>Default Value</t>
				</is>
			</c>
		</row>
		<row r="77">
			<c r="A77" s="3" t="inlineStr"/>
			<c r="B77" s="7" t="inlineStr"/>
			<c r="C77" s="4" t="inlineStr"/>
			<c r="D77" s="3" t="inlineStr"/>
			<c r="E77" s="3" t="inlineStr"/>
			<c r="F77" s="3" t="inlineStr"/>
		</row>
		<row r="78">
			<c r="A78" s="3" t="inlineStr"/>
			<c r="B78" s="7" t="inlineStr"/>
			<c r="C78" s="4" t="inlineStr"/>
			<c r="D78" s="3" t="inlineStr"/>
			<c r="E78" s="3" t="inlineStr"/>
			<c r="F78" s="3" t="inlineStr"/>
		</row>
		<row r="79">
			<c r="A79" s="3" t="inlineStr"/>
			<c r="B79" s="7" t="inlineStr"/>
			<c r="C79" s="4" t="inlineStr"/>
			<c r="D79" s="3" t="inlineStr"/>
			<c r="E79" s="3" t="inlineStr"/>
			<c r="F79" s="3" t="inlineStr"/>
		</row>
		<row r="80">
			<c r="A80" s="3" t="inlineStr"/>
			<c r="B80" s="7" t="inlineStr"/>
			<c r="C80" s="4" t="inlineStr"/>
			<c r="D80" s="3" t="inlineStr"/>
			<c r="E80" s="3" t="inlineStr"/>
			<c r="F80" s="3" t="inlineStr"/>
		</row>
		<row r="81">
			<c r="A81" s="3" t="inlineStr"/>
			<c r="B81" s="7" t="inlineStr"/>
			<c r="C81" s="4" t="inlineStr"/>
			<c r="D81" s="3" t="inlineStr"/>
			<c r="E81" s="3" t="inlineStr"/>
			<c r="F81" s="3" t="inlineStr"/>
		</row>
		<row r="82">
			<c r="A82" s="3" t="inlineStr"/>
			<c r="B82" s="7" t="inlineStr"/>
			<c r="C82" s="4" t="inlineStr"/>
			<c r="D82" s="3" t="inlineStr"/>
			<c r="E82" s="3" t="inlineStr"/>
			<c r="F82" s="3" t="inlineStr"/>
		</row>
		<row r="83">
			<c r="A83" s="3" t="inlineStr"/>
			<c r="B83" s="7" t="inlineStr"/>
			<c r="C83" s="4" t="inlineStr"/>
			<c r="D83" s="3" t="inlineStr"/>
			<c r="E83" s="3" t="inlineStr"/>
			<c r="F83" s="3" t="inlineStr"/>
		</row>
		<row r="84">
			<c r="A84" s="3" t="inlineStr"/>
			<c r="B84" s="7" t="inlineStr"/>
			<c r="C84" s="4" t="inlineStr"/>
			<c r="D84" s="3" t="inlineStr"/>
			<c r="E84" s="3" t="inlineStr"/>
			<c r="F84" s="3" t="inlineStr"/>
		</row>
		<row r="85">
			<c r="A85" s="3" t="inlineStr"/>
			<c r="B85" s="7" t="inlineStr"/>
			<c r="C85" s="4" t="inlineStr"/>
			<c r="D85" s="3" t="inlineStr"/>
			<c r="E85" s="3" t="inlineStr"/>
			<c r="F85" s="3" t="inlineStr"/>
		</row>
		<row r="86">
			<c r="A86" s="3" t="inlineStr"/>
			<c r="B86" s="7" t="inlineStr"/>
			<c r="C86" s="4" t="inlineStr"/>
			<c r="D86" s="3" t="inlineStr"/>
			<c r="E86" s="3" t="inlineStr"/>
			<c r="F86" s="3" t="inlineStr"/>
		</row>
		<row r="87">
			<c r="A87" s="3" t="inlineStr"/>
			<c r="B87" s="7" t="inlineStr"/>
			<c r="C87" s="4" t="inlineStr"/>
			<c r="D87" s="3" t="inlineStr"/>
			<c r="E87" s="3" t="inlineStr"/>
			<c r="F87" s="3" t="inlineStr"/>
		</row>
		<row r="88">
			<c r="A88" s="3" t="inlineStr"/>
			<c r="B88" s="7" t="inlineStr"/>
			<c r="C88" s="4" t="inlineStr"/>
			<c r="D88" s="3" t="inlineStr"/>
			<c r="E88" s="3" t="inlineStr"/>
			<c r="F88" s="3" t="inlineStr"/>
		</row>
		<row r="89">
			<c r="A89" s="3" t="inlineStr"/>
			<c r="B89" s="7" t="inlineStr"/>
			<c r="C89" s="4" t="inlineStr"/>
			<c r="D89" s="3" t="inlineStr"/>
			<c r="E89" s="3" t="inlineStr"/>
			<c r="F89" s="3" t="inlineStr"/>
		</row>
		<row r="90">
			<c r="A90" s="3" t="inlineStr"/>
			<c r="B90" s="7" t="inlineStr"/>
			<c r="C90" s="4" t="inlineStr"/>
			<c r="D90" s="3" t="inlineStr"/>
			<c r="E90" s="3" t="inlineStr"/>
			<c r="F90" s="3" t="inlineStr"/>
		</row>
		<row r="91">
			<c r="A91" s="3" t="inlineStr"/>
			<c r="B91" s="7" t="inlineStr"/>
			<c r="C91" s="4" t="inlineStr"/>
			<c r="D91" s="3" t="inlineStr"/>
			<c r="E91" s="3" t="inlineStr"/>
			<c r="F91" s="3" t="inlineStr"/>
		</row>
		<row r="92">
			<c r="A92" s="3" t="inlineStr"/>
			<c r="B92" s="7" t="inlineStr"/>
			<c r="C92" s="4" t="inlineStr"/>
			<c r="D92" s="3" t="inlineStr"/>
			<c r="E92" s="3" t="inlineStr"/>
			<c r="F92" s="3" t="inlineStr"/>
		</row>
		<row r="93">
			<c r="A93" s="3" t="inlineStr"/>
			<c r="B93" s="7" t="inlineStr"/>
			<c r="C93" s="4" t="inlineStr"/>
			<c r="D93" s="3" t="inlineStr"/>
			<c r="E93" s="3" t="inlineStr"/>
			<c r="F93" s="3" t="inlineStr"/>
		</row>
		<row r="94">
			<c r="A94" s="3" t="inlineStr"/>
			<c r="B94" s="7" t="inlineStr"/>
			<c r="C94" s="4" t="inlineStr"/>
			<c r="D94" s="3" t="inlineStr"/>
			<c r="E94" s="3" t="inlineStr"/>
			<c r="F94" s="3" t="inlineStr"/>
		</row>
		<row r="95">
			<c r="A95" s="3" t="inlineStr"/>
			<c r="B95" s="7" t="inlineStr"/>
			<c r="C95" s="4" t="inlineStr"/>
			<c r="D95" s="3" t="inlineStr"/>
			<c r="E95" s="3" t="inlineStr"/>
			<c r="F95" s="3" t="inlineStr"/>
		</row>
		<row r="96">
			<c r="A96" s="3" t="inlineStr"/>
			<c r="B96" s="7" t="inlineStr"/>
			<c r="C96" s="4" t="inlineStr"/>
			<c r="D96" s="3" t="inlineStr"/>
			<c r="E96" s="3" t="inlineStr"/>
			<c r="F96" s="3" t="inlineStr"/>
		</row>
		<row r="97">
			<c r="A97" s="5" t="inlineStr"/>
		</row>
		<row r="98">
			<c r="A98" s="1" t="inlineStr">
				<is>
					<t>Relationship Classes</t>
				</is>
			</c>
		</row>
		<row r="99">
			<c r="A99" s="3" t="inlineStr">
				<is>
					<t>Name</t>
				</is>
			</c>
		</row>
		<row r="100">
			<c r="A100" s="5" t="inlineStr"/>
		</row>
		<row r="101">
			<c r="A101" s="5" t="inlineStr"/>
		</row>
	</sheetData>
	<mergeCells count="15">
		<mergeCell ref="B3:C3"/>
		<mergeCell ref="B4:C4"/>
		<mergeCell ref="B5:C5"/>
		<mergeCell ref="B6:C6"/>
		<mergeCell ref="B7:C7"/>
		<mergeCell ref="B8:C8"/>
		<mergeCell ref="B9:C9"/>
		<mergeCell ref="B10:C10"/>
		<mergeCell ref="B11:C11"/>
		<mergeCell ref="B12:C12"/>
		<mergeCell ref="B13:C13"/>
		<mergeCell ref="B14:C14"/>
		<mergeCell ref="B15:C15"/>
		<mergeCell ref="B16:C16"/>
		<mergeCell ref="B17:C17"/>
	</mergeCells>
	<conditionalFormatting sqref="B3">
		<cfRule type="expression" priority="1" dxfId="0">
			<formula>LEN(B3) &lt; 3</formula>
		</cfRule>
	</conditionalFormatting>
	<conditionalFormatting sqref="B8">
		<cfRule type="expression" priority="2" dxfId="0">
			<formula>ISBLANK(B8)</formula>
		</cfRule>
	</conditionalFormatting>
	<conditionalFormatting sqref="B9">
		<cfRule type="expression" priority="3" dxfId="0">
			<formula>ISBLANK(B9)</formula>
		</cfRule>
	</conditionalFormatting>
	<conditionalFormatting sqref="B10">
		<cfRule type="expression" priority="4" dxfId="0">
			<formula>AND(ISBLANK(B10) = FALSE, ISNUMBER(VALUE(LEFT(B10, 4))) = FALSE)</formula>
		</cfRule>
		<cfRule type="expression" priority="5" dxfId="0">
			<formula>AND(ISBLANK(OFFSET(B10, 1, 0)) = FALSE, ISBLANK(B10))</formula>
		</cfRule>
	</conditionalFormatting>
	<conditionalFormatting sqref="B11">
		<cfRule type="expression" priority="6" dxfId="0">
			<formula>AND(ISBLANK(B11) = FALSE, ISNUMBER(VALUE(LEFT(B11, 4))) = FALSE)</formula>
		</cfRule>
	</conditionalFormatting>
	<conditionalFormatting sqref="A21:A70">
		<cfRule type="expression" priority="7" dxfId="0">
			<formula>AND(ISBLANK(A21), COUNTA(B21:J21)&gt;0)</formula>
		</cfRule>
		<cfRule type="duplicateValues" priority="8" dxfId="0"/>
	</conditionalFormatting>
	<conditionalFormatting sqref="B21:B70">
		<cfRule type="expression" priority="9" dxfId="0">
			<formula>AND(ISBLANK(B21), NOT(ISBLANK(A21)))</formula>
		</cfRule>
	</conditionalFormatting>
	<conditionalFormatting sqref="D21:D70">
		<cfRule type="duplicateValues" priority="10" dxfId="0"/>
	</conditionalFormatting>
	<conditionalFormatting sqref="H21:H70">
		<cfRule type="expression" priority="11" dxfId="0">
			<formula>=IF(OR(B21 = &quot;Text&quot;), ISBLANK(H21)=TRUE, ISBLANK(H21)=FALSE)</formula>
		</cfRule>
	</conditionalFormatting>
	<conditionalFormatting sqref="I21:I70">
		<cfRule type="expression" priority="12" dxfId="0">
			<formula>=IF(OR(B21 = &quot;Big Integer&quot;, B21 = &quot;Long Integer&quot;, B21 = &quot;Short Integer&quot;, B21 = &quot;Double&quot;, B21 = &quot;Float&quot;), ISBLANK(I21)=TRUE, ISBLANK(I21)=FALSE)</formula>
		</cfRule>
	</conditionalFormatting>
	<conditionalFormatting sqref="J21:J70">
		<cfRule type="expression" priority="13" dxfId="0">
			<formula>=IF(OR(B21 = &quot;Double&quot;, B21 = &quot;Float&quot;), ISBLANK(J21)=TRUE, ISBLANK(J21)=FALSE)</formula>
		</cfRule>
	</conditionalFormatting>
	<conditionalFormatting sqref="A77:A96">
		<cfRule type="expression" priority="14" dxfId="0">
			<formula>AND(ISBLANK(A77), COUNTA(B77:F77)&gt;0)</formula>
		</cfRule>
		<cfRule type="expression" priority="15" dxfId="0">
			<formula>NOT(_xlfn.XLOOKUP(A77, A$77:A$96, B$77:B$96)=B77)</formula>
		</cfRule>
	</conditionalFormatting>
	<conditionalFormatting sqref="B77:B96">
		<cfRule type="expression" priority="16" dxfId="0">
			<formula>AND(ISBLANK(B77), NOT(ISBLANK(A77)))</formula>
		</cfRule>
		<cfRule type="expression" priority="17" dxfId="0">
			<formula>NOT(_xlfn.XLOOKUP(B77, B$77:B$96, A$77:A$96)=A77)</formula>
		</cfRule>
	</conditionalFormatting>
	<conditionalFormatting sqref="D77:D96">
		<cfRule type="expression" priority="18" dxfId="0">
			<formula>AND(ISBLANK(D77),OR(NOT(ISBLANK(E77)),NOT(ISBLANK(F77))))</formula>
		</cfRule>
		<cfRule type="expression" priority="19" dxfId="0">
			<formula>COUNTIFS(B$77:B$96, B77, D$77:D$96, D77) &gt; 1</formula>
		</cfRule>
		<cfRule type="expression" priority="21" dxfId="0">
			<formula>AND(ISBLANK(D77) = FALSE, OR(COUNTIF(A$20:A$71, D77) = 0, D77 = A20))</formula>
		</cfRule>
	</conditionalFormatting>
	<conditionalFormatting sqref="B73">
		<cfRule type="expression" priority="20" dxfId="0">
			<formula>OR(COUNTIF(A$20:A$71, B73) = 0, D77 = A20)</formula>
		</cfRule>
	</conditionalFormatting>
	<dataValidations count="10">
		<dataValidation sqref="B8" showErrorMessage="1" showInputMessage="0" allowBlank="1" errorTitle="Invalid Dataset Type" error="Choose a valid dataset type from the dropdown." type="list" errorStyle="stop">
			<formula1>=dropdowns.dataset_type</formula1>
		</dataValidation>
		<dataValidation sqref="B9" showErrorMessage="1" showInputMessage="0" allowBlank="1" errorTitle="Invalid Geometry Type" error="Choose a valid geometry type from the dropdown." type="list" errorStyle="stop">
			<formula1>=dropdowns.geometry_type</formula1>
		</dataValidation>
		<dataValidation sqref="B10" showErrorMessage="1" showInputMessage="0" allowBlank="1" errorTitle="User-defined Spatial Reference" error="A user-defined value has been entered for the spatial reference. The format is the numeric WKID followed by an optional text label." type="list" errorStyle="information">
			<formula1>=dropdowns.spatial_reference</formula1>
		</dataValidation>
		<dataValidation sqref="B12" showErrorMessage="1" showInputMessage="0" allowBlank="1" errorTitle="Invalid Boolean" error="Choose a valid boolean from the dropdown." type="list" errorStyle="stop">
			<formula1>=dropdowns.boolean</formula1>
		</dataValidation>
		<dataValidation sqref="B13" showErrorMessage="1" showInputMessage="0" allowBlank="1" errorTitle="Invalid Boolean" error="Choose a valid boolean from the dropdown." type="list" errorStyle="stop">
			<formula1>=dropdowns.boolean</formula1>
		</dataValidation>
		<dataValidation sqref="B14" showErrorMessage="1" showInputMessage="0" allowBlank="1" errorTitle="Invalid Boolean" error="Choose a valid boolean from the dropdown." type="list" errorStyle="stop">
			<formula1>=dropdowns.boolean</formula1>
		</dataValidation>
		<dataValidation sqref="B15" showErrorMessage="1" showInputMessage="0" allowBlank="1" errorTitle="Invalid Boolean" error="Choose a valid boolean from the dropdown." type="list" errorStyle="stop">
			<formula1>=dropdowns.boolean</formula1>
		</dataValidation>
		<dataValidation sqref="B16" showErrorMessage="1" showInputMessage="0" allowBlank="1" errorTitle="Invalid Boolean" error="Choose a valid boolean from the dropdown." type="list" errorStyle="stop">
			<formula1>=dropdowns.boolean</formula1>
		</dataValidation>
		<dataValidation sqref="B21:B70" showErrorMessage="1" showInputMessage="0" allowBlank="1" errorTitle="Invalid Field Type" error="Choose a valid field type from the dropdown." type="list" errorStyle="stop">
			<formula1>=dropdowns.field_type</formula1>
		</dataValidation>
		<dataValidation sqref="G21:G70" showErrorMessage="1" showInputMessage="0" allowBlank="1" errorTitle="Invalid Boolean" error="Choose a valid boolean from the dropdown." type="list" errorStyle="stop">
			<formula1>=dropdowns.boolean</formula1>
		</dataValidation>
	</dataValidations>
	<hyperlinks>
		<hyperlink xmlns:r="http://schemas.openxmlformats.org/officeDocument/2006/relationships" ref="A1" r:id="rId1"/>
	</hyperlinks>
	<pageMargins left="0.75" right="0.75" top="1" bottom="1" header="0.5" footer="0.5"/>
	<tableParts count="3">
		<tablePart xmlns:r="http://schemas.openxmlformats.org/officeDocument/2006/relationships" r:id="rId2"/>
		<tablePart xmlns:r="http://schemas.openxmlformats.org/officeDocument/2006/relationships" r:id="rId3"/>
		<tablePart xmlns:r="http://schemas.openxmlformats.org/officeDocument/2006/relationships" r:id="rId4"/>
	</tableParts>
</worksheet>
