<?xml version="1.0" ?>
<worksheet xmlns="http://schemas.openxmlformats.org/spreadsheetml/2006/main">
	<sheetPr>
		<outlinePr summaryBelow="1" summaryRight="1"/>
		<pageSetUpPr/>
	</sheetPr>
	<dimension ref="A1:K23"/>
	<sheetViews>
		<sheetView workbookViewId="0">
			<selection activeCell="A1" sqref="A1"/>
		</sheetView>
	</sheetViews>
	<sheetFormatPr baseColWidth="8" defaultRowHeight="15"/>
	<cols>
		<col width="25" customWidth="1" min="1" max="1"/>
		<col width="15" customWidth="1" min="2" max="2"/>
		<col width="80" customWidth="1" min="3" max="3"/>
		<col width="25" customWidth="1" min="4" max="4"/>
		<col width="22" customWidth="1" min="5" max="5"/>
		<col width="15" customWidth="1" min="6" max="6"/>
		<col width="12" customWidth="1" min="7" max="7"/>
		<col width="11" customWidth="1" min="8" max="8"/>
		<col width="11" customWidth="1" min="9" max="9"/>
		<col width="11" customWidth="1" min="10" max="10"/>
		<col width="10" customWidth="1" min="11" max="11"/>
	</cols>
	<sheetData>
		<row r="1">
			<c r="A1" s="6" t="inlineStr">
				<is>
					<t>Go to Index</t>
				</is>
			</c>
		</row>
		<row r="3">
			<c r="A3" s="2" t="inlineStr">
				<is>
					<t>Name</t>
				</is>
			</c>
			<c r="B3" s="3" t="inlineStr">
				<is>
					<t>Inspections</t>
				</is>
			</c>
		</row>
		<row r="4">
			<c r="A4" s="2" t="inlineStr">
				<is>
					<t>Schema</t>
				</is>
			</c>
			<c r="B4" s="3" t="inlineStr"/>
		</row>
		<row r="5">
			<c r="A5" s="2" t="inlineStr">
				<is>
					<t>Alias</t>
				</is>
			</c>
			<c r="B5" s="3" t="inlineStr">
				<is>
					<t>Inspections</t>
				</is>
			</c>
		</row>
		<row r="6">
			<c r="A6" s="2" t="inlineStr">
				<is>
					<t>Feature Dataset</t>
				</is>
			</c>
			<c r="B6" s="3" t="inlineStr"/>
		</row>
		<row r="7" ht="26.4" customHeight="1">
			<c r="A7" s="2" t="inlineStr">
				<is>
					<t>Summary</t>
				</is>
			</c>
			<c r="B7" s="4" t="inlineStr"/>
		</row>
		<row r="8">
			<c r="A8" s="2" t="inlineStr">
				<is>
					<t>Dataset Type</t>
				</is>
			</c>
			<c r="B8" s="3" t="inlineStr">
				<is>
					<t>Table</t>
				</is>
			</c>
		</row>
		<row r="9">
			<c r="A9" s="2" t="inlineStr">
				<is>
					<t>64-bit OID</t>
				</is>
			</c>
			<c r="B9" s="3" t="inlineStr">
				<is>
					<t>no</t>
				</is>
			</c>
		</row>
		<row r="10">
			<c r="A10" s="2" t="inlineStr">
				<is>
					<t>Is Archived</t>
				</is>
			</c>
			<c r="B10" s="3" t="inlineStr">
				<is>
					<t>no</t>
				</is>
			</c>
		</row>
		<row r="11">
			<c r="A11" s="2" t="inlineStr">
				<is>
					<t>Is Versioned</t>
				</is>
			</c>
			<c r="B11" s="3" t="inlineStr">
				<is>
					<t>no</t>
				</is>
			</c>
		</row>
		<row r="12">
			<c r="A12" s="2" t="inlineStr">
				<is>
					<t>DSID</t>
				</is>
			</c>
			<c r="B12" s="7" t="n">
				<v>21</v>
			</c>
		</row>
		<row r="13">
			<c r="A13" s="5" t="inlineStr"/>
		</row>
		<row r="14">
			<c r="A14" s="1" t="inlineStr">
				<is>
					<t>Fields</t>
				</is>
			</c>
		</row>
		<row r="15">
			<c r="A15" s="3" t="inlineStr">
				<is>
					<t>Field Name</t>
				</is>
			</c>
			<c r="B15" s="3" t="inlineStr">
				<is>
					<t>Field Type</t>
				</is>
			</c>
			<c r="C15" s="3" t="inlineStr">
				<is>
					<t>Summary</t>
				</is>
			</c>
			<c r="D15" s="3" t="inlineStr">
				<is>
					<t>Alias Name</t>
				</is>
			</c>
			<c r="E15" s="3" t="inlineStr">
				<is>
					<t>Domain Name</t>
				</is>
			</c>
			<c r="F15" s="3" t="inlineStr">
				<is>
					<t>Default Value</t>
				</is>
			</c>
			<c r="G15" s="3" t="inlineStr">
				<is>
					<t>Is Nullable</t>
				</is>
			</c>
			<c r="H15" s="3" t="inlineStr">
				<is>
					<t>Length</t>
				</is>
			</c>
			<c r="I15" s="3" t="inlineStr">
				<is>
					<t>Precision</t>
				</is>
			</c>
			<c r="J15" s="3" t="inlineStr">
				<is>
					<t>Scale</t>
				</is>
			</c>
			<c r="K15" s="3" t="inlineStr">
				<is>
					<t>Order</t>
				</is>
			</c>
		</row>
		<row r="16">
			<c r="A16" s="3" t="inlineStr">
				<is>
					<t>OBJECTID</t>
				</is>
			</c>
			<c r="B16" s="3" t="inlineStr">
				<is>
					<t>OBJECTID</t>
				</is>
			</c>
			<c r="C16" s="4" t="inlineStr"/>
			<c r="D16" s="3" t="inlineStr">
				<is>
					<t>OBJECTID</t>
				</is>
			</c>
			<c r="E16" s="3" t="inlineStr"/>
			<c r="F16" s="3" t="inlineStr"/>
			<c r="G16" s="3" t="inlineStr">
				<is>
					<t>no</t>
				</is>
			</c>
			<c r="H16" s="8" t="inlineStr"/>
			<c r="I16" s="8" t="inlineStr"/>
			<c r="J16" s="8" t="inlineStr"/>
			<c r="K16" s="8" t="n">
				<v>1</v>
			</c>
		</row>
		<row r="17">
			<c r="A17" s="3" t="inlineStr">
				<is>
					<t>BuildingUUID</t>
				</is>
			</c>
			<c r="B17" s="3" t="inlineStr">
				<is>
					<t>GUID</t>
				</is>
			</c>
			<c r="C17" s="4" t="inlineStr"/>
			<c r="D17" s="3" t="inlineStr">
				<is>
					<t>Building Unique ID</t>
				</is>
			</c>
			<c r="E17" s="3" t="inlineStr"/>
			<c r="F17" s="3" t="inlineStr"/>
			<c r="G17" s="3" t="inlineStr">
				<is>
					<t>no</t>
				</is>
			</c>
			<c r="H17" s="8" t="inlineStr"/>
			<c r="I17" s="8" t="inlineStr"/>
			<c r="J17" s="8" t="inlineStr"/>
			<c r="K17" s="8" t="n">
				<v>2</v>
			</c>
		</row>
		<row r="18">
			<c r="A18" s="3" t="inlineStr">
				<is>
					<t>InspectedOn</t>
				</is>
			</c>
			<c r="B18" s="3" t="inlineStr">
				<is>
					<t>Date</t>
				</is>
			</c>
			<c r="C18" s="4" t="inlineStr"/>
			<c r="D18" s="3" t="inlineStr">
				<is>
					<t>Inspected On</t>
				</is>
			</c>
			<c r="E18" s="3" t="inlineStr"/>
			<c r="F18" s="3" t="inlineStr"/>
			<c r="G18" s="3" t="inlineStr">
				<is>
					<t>no</t>
				</is>
			</c>
			<c r="H18" s="8" t="inlineStr"/>
			<c r="I18" s="8" t="inlineStr"/>
			<c r="J18" s="8" t="inlineStr"/>
			<c r="K18" s="8" t="n">
				<v>3</v>
			</c>
		</row>
		<row r="19">
			<c r="A19" s="3" t="inlineStr">
				<is>
					<t>InspectedBy</t>
				</is>
			</c>
			<c r="B19" s="3" t="inlineStr">
				<is>
					<t>Text</t>
				</is>
			</c>
			<c r="C19" s="4" t="inlineStr"/>
			<c r="D19" s="3" t="inlineStr">
				<is>
					<t>Inspected By</t>
				</is>
			</c>
			<c r="E19" s="3" t="inlineStr"/>
			<c r="F19" s="3" t="inlineStr"/>
			<c r="G19" s="3" t="inlineStr">
				<is>
					<t>no</t>
				</is>
			</c>
			<c r="H19" s="8" t="n">
				<v>50</v>
			</c>
			<c r="I19" s="8" t="inlineStr"/>
			<c r="J19" s="8" t="inlineStr"/>
			<c r="K19" s="8" t="n">
				<v>4</v>
			</c>
		</row>
		<row r="20">
			<c r="A20" s="5" t="inlineStr"/>
		</row>
		<row r="21">
			<c r="A21" s="1" t="inlineStr">
				<is>
					<t>Relationship Classes</t>
				</is>
			</c>
		</row>
		<row r="22">
			<c r="A22" s="3" t="inlineStr">
				<is>
					<t>Name</t>
				</is>
			</c>
		</row>
		<row r="23">
			<c r="A23" s="6" t="inlineStr">
				<is>
					<t>Building_Inspections</t>
				</is>
			</c>
		</row>
	</sheetData>
	<mergeCells count="10">
		<mergeCell ref="B3:C3"/>
		<mergeCell ref="B4:C4"/>
		<mergeCell ref="B5:C5"/>
		<mergeCell ref="B6:C6"/>
		<mergeCell ref="B7:C7"/>
		<mergeCell ref="B8:C8"/>
		<mergeCell ref="B9:C9"/>
		<mergeCell ref="B10:C10"/>
		<mergeCell ref="B11:C11"/>
		<mergeCell ref="B12:C12"/>
	</mergeCells>
	<conditionalFormatting sqref="B3">
		<cfRule type="expression" priority="1" dxfId="0">
			<formula>LEN(B3) &lt; 3</formula>
		</cfRule>
	</conditionalFormatting>
	<conditionalFormatting sqref="B8">
		<cfRule type="expression" priority="2" dxfId="0">
			<formula>ISBLANK(B8)</formula>
		</cfRule>
	</conditionalFormatting>
	<conditionalFormatting sqref="A16:A19">
		<cfRule type="expression" priority="3" dxfId="0">
			<formula>AND(ISBLANK(A16), COUNTA(B16:J16)&gt;0)</formula>
		</cfRule>
		<cfRule type="duplicateValues" priority="4" dxfId="0"/>
	</conditionalFormatting>
	<conditionalFormatting sqref="B16:B19">
		<cfRule type="expression" priority="5" dxfId="0">
			<formula>AND(ISBLANK(B16), NOT(ISBLANK(A16)))</formula>
		</cfRule>
	</conditionalFormatting>
	<conditionalFormatting sqref="D16:D19">
		<cfRule type="duplicateValues" priority="6" dxfId="0"/>
	</conditionalFormatting>
	<conditionalFormatting sqref="H16:H19">
		<cfRule type="expression" priority="7" dxfId="0">
			<formula>=IF(OR(B16 = &quot;Text&quot;), ISBLANK(H16)=TRUE, ISBLANK(H16)=FALSE)</formula>
		</cfRule>
	</conditionalFormatting>
	<conditionalFormatting sqref="I16:I19">
		<cfRule type="expression" priority="8" dxfId="0">
			<formula>=IF(OR(B16 = &quot;Big Integer&quot;, B16 = &quot;Long Integer&quot;, B16 = &quot;Short Integer&quot;, B16 = &quot;Double&quot;, B16 = &quot;Float&quot;), ISBLANK(I16)=TRUE, ISBLANK(I16)=FALSE)</formula>
		</cfRule>
	</conditionalFormatting>
	<conditionalFormatting sqref="J16:J19">
		<cfRule type="expression" priority="9" dxfId="0">
			<formula>=IF(OR(B16 = &quot;Double&quot;, B16 = &quot;Float&quot;), ISBLANK(J16)=TRUE, ISBLANK(J16)=FALSE)</formula>
		</cfRule>
	</conditionalFormatting>
	<dataValidations count="6">
		<dataValidation sqref="B8" showErrorMessage="1" showInputMessage="0" allowBlank="1" errorTitle="Invalid Dataset Type" error="Choose a valid dataset type from the dropdown." type="list" errorStyle="stop">
			<formula1>=dropdowns.dataset_type</formula1>
		</dataValidation>
		<dataValidation sqref="B9" showErrorMessage="1" showInputMessage="0" allowBlank="1" errorTitle="Invalid Boolean" error="Choose a valid boolean from the dropdown." type="list" errorStyle="stop">
			<formula1>=dropdowns.boolean</formula1>
		</dataValidation>
		<dataValidation sqref="B10" showErrorMessage="1" showInputMessage="0" allowBlank="1" errorTitle="Invalid Boolean" error="Choose a valid boolean from the dropdown." type="list" errorStyle="stop">
			<formula1>=dropdowns.boolean</formula1>
		</dataValidation>
		<dataValidation sqref="B11" showErrorMessage="1" showInputMessage="0" allowBlank="1" errorTitle="Invalid Boolean" error="Choose a valid boolean from the dropdown." type="list" errorStyle="stop">
			<formula1>=dropdowns.boolean</formula1>
		</dataValidation>
		<dataValidation sqref="B16:B19" showErrorMessage="1" showInputMessage="0" allowBlank="1" errorTitle="Invalid Field Type" error="Choose a valid field type from the dropdown." type="list" errorStyle="stop">
			<formula1>=dropdowns.field_type</formula1>
		</dataValidation>
		<dataValidation sqref="G16:G19" showErrorMessage="1" showInputMessage="0" allowBlank="1" errorTitle="Invalid Boolean" error="Choose a valid boolean from the dropdown." type="list" errorStyle="stop">
			<formula1>=dropdowns.boolean</formula1>
		</dataValidation>
	</dataValidations>
	<hyperlinks>
		<hyperlink xmlns:r="http://schemas.openxmlformats.org/officeDocument/2006/relationships" ref="A1" r:id="rId1"/>
		<hyperlink xmlns:r="http://schemas.openxmlformats.org/officeDocument/2006/relationships" ref="A23" r:id="rId2"/>
	</hyperlinks>
	<pageMargins left="0.75" right="0.75" top="1" bottom="1" header="0.5" footer="0.5"/>
	<tableParts count="2">
		<tablePart xmlns:r="http://schemas.openxmlformats.org/officeDocument/2006/relationships" r:id="rId3"/>
		<tablePart xmlns:r="http://schemas.openxmlformats.org/officeDocument/2006/relationships" r:id="rId4"/>
	</tableParts>
</worksheet>
