<?xml version="1.0" ?>
<worksheet xmlns="http://schemas.openxmlformats.org/spreadsheetml/2006/main">
	<sheetPr>
		<outlinePr summaryBelow="1" summaryRight="1"/>
		<pageSetUpPr/>
	</sheetPr>
	<dimension ref="A1:K28"/>
	<sheetViews>
		<sheetView workbookViewId="0">
			<selection activeCell="A1" sqref="A1"/>
		</sheetView>
	</sheetViews>
	<sheetFormatPr baseColWidth="8" defaultRowHeight="15"/>
	<cols>
		<col width="25" customWidth="1" min="1" max="1"/>
		<col width="15" customWidth="1" min="2" max="2"/>
		<col width="80" customWidth="1" min="3" max="3"/>
		<col width="25" customWidth="1" min="4" max="4"/>
		<col width="22" customWidth="1" min="5" max="5"/>
		<col width="15" customWidth="1" min="6" max="6"/>
		<col width="12" customWidth="1" min="7" max="7"/>
		<col width="11" customWidth="1" min="8" max="8"/>
		<col width="11" customWidth="1" min="9" max="9"/>
		<col width="11" customWidth="1" min="10" max="10"/>
		<col width="10" customWidth="1" min="11" max="11"/>
	</cols>
	<sheetData>
		<row r="1">
			<c r="A1" s="6" t="inlineStr">
				<is>
					<t>Go to Index</t>
				</is>
			</c>
		</row>
		<row r="3">
			<c r="A3" s="2" t="inlineStr">
				<is>
					<t>Name</t>
				</is>
			</c>
			<c r="B3" s="3" t="inlineStr">
				<is>
					<t>Rivers</t>
				</is>
			</c>
		</row>
		<row r="4">
			<c r="A4" s="2" t="inlineStr">
				<is>
					<t>Schema</t>
				</is>
			</c>
			<c r="B4" s="3" t="inlineStr"/>
		</row>
		<row r="5">
			<c r="A5" s="2" t="inlineStr">
				<is>
					<t>Alias</t>
				</is>
			</c>
			<c r="B5" s="3" t="inlineStr">
				<is>
					<t>Rivers</t>
				</is>
			</c>
		</row>
		<row r="6">
			<c r="A6" s="2" t="inlineStr">
				<is>
					<t>Feature Dataset</t>
				</is>
			</c>
			<c r="B6" s="3" t="inlineStr">
				<is>
					<t>Water</t>
				</is>
			</c>
		</row>
		<row r="7" ht="26.4" customHeight="1">
			<c r="A7" s="2" t="inlineStr">
				<is>
					<t>Summary</t>
				</is>
			</c>
			<c r="B7" s="4" t="inlineStr"/>
		</row>
		<row r="8">
			<c r="A8" s="2" t="inlineStr">
				<is>
					<t>Dataset Type</t>
				</is>
			</c>
			<c r="B8" s="3" t="inlineStr">
				<is>
					<t>Feature Class</t>
				</is>
			</c>
		</row>
		<row r="9">
			<c r="A9" s="2" t="inlineStr">
				<is>
					<t>Geometry Type</t>
				</is>
			</c>
			<c r="B9" s="3" t="inlineStr">
				<is>
					<t>Polyline</t>
				</is>
			</c>
		</row>
		<row r="10">
			<c r="A10" s="2" t="inlineStr">
				<is>
					<t>Horizontal Spatial Ref.</t>
				</is>
			</c>
			<c r="B10" s="3" t="inlineStr">
				<is>
					<t>3857 (WGS 1984 Web Mercator Auxiliary Sphere)</t>
				</is>
			</c>
		</row>
		<row r="11">
			<c r="A11" s="2" t="inlineStr">
				<is>
					<t>Vertical Spatial Ref.</t>
				</is>
			</c>
			<c r="B11" s="3" t="inlineStr"/>
		</row>
		<row r="12">
			<c r="A12" s="2" t="inlineStr">
				<is>
					<t>Has M-Values</t>
				</is>
			</c>
			<c r="B12" s="3" t="inlineStr">
				<is>
					<t>no</t>
				</is>
			</c>
		</row>
		<row r="13">
			<c r="A13" s="2" t="inlineStr">
				<is>
					<t>Has Z-Values</t>
				</is>
			</c>
			<c r="B13" s="3" t="inlineStr">
				<is>
					<t>yes</t>
				</is>
			</c>
		</row>
		<row r="14">
			<c r="A14" s="2" t="inlineStr">
				<is>
					<t>64-bit OID</t>
				</is>
			</c>
			<c r="B14" s="3" t="inlineStr">
				<is>
					<t>no</t>
				</is>
			</c>
		</row>
		<row r="15">
			<c r="A15" s="2" t="inlineStr">
				<is>
					<t>Is Archived</t>
				</is>
			</c>
			<c r="B15" s="3" t="inlineStr">
				<is>
					<t>no</t>
				</is>
			</c>
		</row>
		<row r="16">
			<c r="A16" s="2" t="inlineStr">
				<is>
					<t>Is Versioned</t>
				</is>
			</c>
			<c r="B16" s="3" t="inlineStr">
				<is>
					<t>no</t>
				</is>
			</c>
		</row>
		<row r="17">
			<c r="A17" s="2" t="inlineStr">
				<is>
					<t>DSID</t>
				</is>
			</c>
			<c r="B17" s="7" t="n">
				<v>18</v>
			</c>
		</row>
		<row r="18">
			<c r="A18" s="5" t="inlineStr"/>
		</row>
		<row r="19">
			<c r="A19" s="1" t="inlineStr">
				<is>
					<t>Fields</t>
				</is>
			</c>
		</row>
		<row r="20">
			<c r="A20" s="3" t="inlineStr">
				<is>
					<t>Field Name</t>
				</is>
			</c>
			<c r="B20" s="3" t="inlineStr">
				<is>
					<t>Field Type</t>
				</is>
			</c>
			<c r="C20" s="3" t="inlineStr">
				<is>
					<t>Summary</t>
				</is>
			</c>
			<c r="D20" s="3" t="inlineStr">
				<is>
					<t>Alias Name</t>
				</is>
			</c>
			<c r="E20" s="3" t="inlineStr">
				<is>
					<t>Domain Name</t>
				</is>
			</c>
			<c r="F20" s="3" t="inlineStr">
				<is>
					<t>Default Value</t>
				</is>
			</c>
			<c r="G20" s="3" t="inlineStr">
				<is>
					<t>Is Nullable</t>
				</is>
			</c>
			<c r="H20" s="3" t="inlineStr">
				<is>
					<t>Length</t>
				</is>
			</c>
			<c r="I20" s="3" t="inlineStr">
				<is>
					<t>Precision</t>
				</is>
			</c>
			<c r="J20" s="3" t="inlineStr">
				<is>
					<t>Scale</t>
				</is>
			</c>
			<c r="K20" s="3" t="inlineStr">
				<is>
					<t>Order</t>
				</is>
			</c>
		</row>
		<row r="21">
			<c r="A21" s="3" t="inlineStr">
				<is>
					<t>OBJECTID</t>
				</is>
			</c>
			<c r="B21" s="3" t="inlineStr">
				<is>
					<t>OBJECTID</t>
				</is>
			</c>
			<c r="C21" s="4" t="inlineStr"/>
			<c r="D21" s="3" t="inlineStr">
				<is>
					<t>OBJECTID</t>
				</is>
			</c>
			<c r="E21" s="3" t="inlineStr"/>
			<c r="F21" s="3" t="inlineStr"/>
			<c r="G21" s="3" t="inlineStr">
				<is>
					<t>no</t>
				</is>
			</c>
			<c r="H21" s="8" t="inlineStr"/>
			<c r="I21" s="8" t="inlineStr"/>
			<c r="J21" s="8" t="inlineStr"/>
			<c r="K21" s="8" t="n">
				<v>1</v>
			</c>
		</row>
		<row r="22">
			<c r="A22" s="3" t="inlineStr">
				<is>
					<t>Shape</t>
				</is>
			</c>
			<c r="B22" s="3" t="inlineStr">
				<is>
					<t>Geometry</t>
				</is>
			</c>
			<c r="C22" s="4" t="inlineStr"/>
			<c r="D22" s="3" t="inlineStr">
				<is>
					<t>SHAPE</t>
				</is>
			</c>
			<c r="E22" s="3" t="inlineStr"/>
			<c r="F22" s="3" t="inlineStr"/>
			<c r="G22" s="3" t="inlineStr">
				<is>
					<t>yes</t>
				</is>
			</c>
			<c r="H22" s="8" t="inlineStr"/>
			<c r="I22" s="8" t="inlineStr"/>
			<c r="J22" s="8" t="inlineStr"/>
			<c r="K22" s="8" t="n">
				<v>2</v>
			</c>
		</row>
		<row r="23">
			<c r="A23" s="3" t="inlineStr">
				<is>
					<t>RiverID</t>
				</is>
			</c>
			<c r="B23" s="3" t="inlineStr">
				<is>
					<t>Long Integer</t>
				</is>
			</c>
			<c r="C23" s="4" t="inlineStr"/>
			<c r="D23" s="3" t="inlineStr">
				<is>
					<t>River ID</t>
				</is>
			</c>
			<c r="E23" s="3" t="inlineStr"/>
			<c r="F23" s="7" t="inlineStr"/>
			<c r="G23" s="3" t="inlineStr">
				<is>
					<t>yes</t>
				</is>
			</c>
			<c r="H23" s="8" t="inlineStr"/>
			<c r="I23" s="8" t="n">
				<v>0</v>
			</c>
			<c r="J23" s="8" t="inlineStr"/>
			<c r="K23" s="8" t="n">
				<v>3</v>
			</c>
		</row>
		<row r="24">
			<c r="A24" s="3" t="inlineStr">
				<is>
					<t>Name</t>
				</is>
			</c>
			<c r="B24" s="3" t="inlineStr">
				<is>
					<t>Text</t>
				</is>
			</c>
			<c r="C24" s="4" t="inlineStr"/>
			<c r="D24" s="3" t="inlineStr">
				<is>
					<t>Name</t>
				</is>
			</c>
			<c r="E24" s="3" t="inlineStr"/>
			<c r="F24" s="3" t="inlineStr"/>
			<c r="G24" s="3" t="inlineStr">
				<is>
					<t>yes</t>
				</is>
			</c>
			<c r="H24" s="8" t="n">
				<v>100</v>
			</c>
			<c r="I24" s="8" t="inlineStr"/>
			<c r="J24" s="8" t="inlineStr"/>
			<c r="K24" s="8" t="n">
				<v>4</v>
			</c>
		</row>
		<row r="25">
			<c r="A25" s="5" t="inlineStr"/>
		</row>
		<row r="26">
			<c r="A26" s="1" t="inlineStr">
				<is>
					<t>Relationship Classes</t>
				</is>
			</c>
		</row>
		<row r="27">
			<c r="A27" s="3" t="inlineStr">
				<is>
					<t>Name</t>
				</is>
			</c>
		</row>
		<row r="28">
			<c r="A28" s="6" t="inlineStr">
				<is>
					<t>Rivers_and_Lakes</t>
				</is>
			</c>
		</row>
	</sheetData>
	<mergeCells count="15">
		<mergeCell ref="B3:C3"/>
		<mergeCell ref="B4:C4"/>
		<mergeCell ref="B5:C5"/>
		<mergeCell ref="B6:C6"/>
		<mergeCell ref="B7:C7"/>
		<mergeCell ref="B8:C8"/>
		<mergeCell ref="B9:C9"/>
		<mergeCell ref="B10:C10"/>
		<mergeCell ref="B11:C11"/>
		<mergeCell ref="B12:C12"/>
		<mergeCell ref="B13:C13"/>
		<mergeCell ref="B14:C14"/>
		<mergeCell ref="B15:C15"/>
		<mergeCell ref="B16:C16"/>
		<mergeCell ref="B17:C17"/>
	</mergeCells>
	<conditionalFormatting sqref="B3">
		<cfRule type="expression" priority="1" dxfId="0">
			<formula>LEN(B3) &lt; 3</formula>
		</cfRule>
	</conditionalFormatting>
	<conditionalFormatting sqref="B8">
		<cfRule type="expression" priority="2" dxfId="0">
			<formula>ISBLANK(B8)</formula>
		</cfRule>
	</conditionalFormatting>
	<conditionalFormatting sqref="B9">
		<cfRule type="expression" priority="3" dxfId="0">
			<formula>ISBLANK(B9)</formula>
		</cfRule>
	</conditionalFormatting>
	<conditionalFormatting sqref="B10">
		<cfRule type="expression" priority="4" dxfId="0">
			<formula>AND(ISBLANK(B10) = FALSE, ISNUMBER(VALUE(LEFT(B10, 4))) = FALSE)</formula>
		</cfRule>
		<cfRule type="expression" priority="5" dxfId="0">
			<formula>AND(ISBLANK(OFFSET(B10, 1, 0)) = FALSE, ISBLANK(B10))</formula>
		</cfRule>
	</conditionalFormatting>
	<conditionalFormatting sqref="B11">
		<cfRule type="expression" priority="6" dxfId="0">
			<formula>AND(ISBLANK(B11) = FALSE, ISNUMBER(VALUE(LEFT(B11, 4))) = FALSE)</formula>
		</cfRule>
	</conditionalFormatting>
	<conditionalFormatting sqref="A21:A24">
		<cfRule type="expression" priority="7" dxfId="0">
			<formula>AND(ISBLANK(A21), COUNTA(B21:J21)&gt;0)</formula>
		</cfRule>
		<cfRule type="duplicateValues" priority="8" dxfId="0"/>
	</conditionalFormatting>
	<conditionalFormatting sqref="B21:B24">
		<cfRule type="expression" priority="9" dxfId="0">
			<formula>AND(ISBLANK(B21), NOT(ISBLANK(A21)))</formula>
		</cfRule>
	</conditionalFormatting>
	<conditionalFormatting sqref="D21:D24">
		<cfRule type="duplicateValues" priority="10" dxfId="0"/>
	</conditionalFormatting>
	<conditionalFormatting sqref="H21:H24">
		<cfRule type="expression" priority="11" dxfId="0">
			<formula>=IF(OR(B21 = &quot;Text&quot;), ISBLANK(H21)=TRUE, ISBLANK(H21)=FALSE)</formula>
		</cfRule>
	</conditionalFormatting>
	<conditionalFormatting sqref="I21:I24">
		<cfRule type="expression" priority="12" dxfId="0">
			<formula>=IF(OR(B21 = &quot;Big Integer&quot;, B21 = &quot;Long Integer&quot;, B21 = &quot;Short Integer&quot;, B21 = &quot;Double&quot;, B21 = &quot;Float&quot;), ISBLANK(I21)=TRUE, ISBLANK(I21)=FALSE)</formula>
		</cfRule>
	</conditionalFormatting>
	<conditionalFormatting sqref="J21:J24">
		<cfRule type="expression" priority="13" dxfId="0">
			<formula>=IF(OR(B21 = &quot;Double&quot;, B21 = &quot;Float&quot;), ISBLANK(J21)=TRUE, ISBLANK(J21)=FALSE)</formula>
		</cfRule>
	</conditionalFormatting>
	<dataValidations count="10">
		<dataValidation sqref="B8" showErrorMessage="1" showInputMessage="0" allowBlank="1" errorTitle="Invalid Dataset Type" error="Choose a valid dataset type from the dropdown." type="list" errorStyle="stop">
			<formula1>=dropdowns.dataset_type</formula1>
		</dataValidation>
		<dataValidation sqref="B9" showErrorMessage="1" showInputMessage="0" allowBlank="1" errorTitle="Invalid Geometry Type" error="Choose a valid geometry type from the dropdown." type="list" errorStyle="stop">
			<formula1>=dropdowns.geometry_type</formula1>
		</dataValidation>
		<dataValidation sqref="B10" showErrorMessage="1" showInputMessage="0" allowBlank="1" errorTitle="User-defined Spatial Reference" error="A user-defined value has been entered for the spatial reference. The format is the numeric WKID followed by an optional text label." type="list" errorStyle="information">
			<formula1>=dropdowns.spatial_reference</formula1>
		</dataValidation>
		<dataValidation sqref="B12" showErrorMessage="1" showInputMessage="0" allowBlank="1" errorTitle="Invalid Boolean" error="Choose a valid boolean from the dropdown." type="list" errorStyle="stop">
			<formula1>=dropdowns.boolean</formula1>
		</dataValidation>
		<dataValidation sqref="B13" showErrorMessage="1" showInputMessage="0" allowBlank="1" errorTitle="Invalid Boolean" error="Choose a valid boolean from the dropdown." type="list" errorStyle="stop">
			<formula1>=dropdowns.boolean</formula1>
		</dataValidation>
		<dataValidation sqref="B14" showErrorMessage="1" showInputMessage="0" allowBlank="1" errorTitle="Invalid Boolean" error="Choose a valid boolean from the dropdown." type="list" errorStyle="stop">
			<formula1>=dropdowns.boolean</formula1>
		</dataValidation>
		<dataValidation sqref="B15" showErrorMessage="1" showInputMessage="0" allowBlank="1" errorTitle="Invalid Boolean" error="Choose a valid boolean from the dropdown." type="list" errorStyle="stop">
			<formula1>=dropdowns.boolean</formula1>
		</dataValidation>
		<dataValidation sqref="B16" showErrorMessage="1" showInputMessage="0" allowBlank="1" errorTitle="Invalid Boolean" error="Choose a valid boolean from the dropdown." type="list" errorStyle="stop">
			<formula1>=dropdowns.boolean</formula1>
		</dataValidation>
		<dataValidation sqref="B21:B24" showErrorMessage="1" showInputMessage="0" allowBlank="1" errorTitle="Invalid Field Type" error="Choose a valid field type from the dropdown." type="list" errorStyle="stop">
			<formula1>=dropdowns.field_type</formula1>
		</dataValidation>
		<dataValidation sqref="G21:G24" showErrorMessage="1" showInputMessage="0" allowBlank="1" errorTitle="Invalid Boolean" error="Choose a valid boolean from the dropdown." type="list" errorStyle="stop">
			<formula1>=dropdowns.boolean</formula1>
		</dataValidation>
	</dataValidations>
	<hyperlinks>
		<hyperlink xmlns:r="http://schemas.openxmlformats.org/officeDocument/2006/relationships" ref="A1" r:id="rId1"/>
		<hyperlink xmlns:r="http://schemas.openxmlformats.org/officeDocument/2006/relationships" ref="A28" r:id="rId2"/>
	</hyperlinks>
	<pageMargins left="0.75" right="0.75" top="1" bottom="1" header="0.5" footer="0.5"/>
	<tableParts count="2">
		<tablePart xmlns:r="http://schemas.openxmlformats.org/officeDocument/2006/relationships" r:id="rId3"/>
		<tablePart xmlns:r="http://schemas.openxmlformats.org/officeDocument/2006/relationships" r:id="rId4"/>
	</tableParts>
</worksheet>
